Component: ARM Compiler 6.15 Tool: armlink [5dd79300]

==============================================================================

Section Cross References

    startup_stm32f407xx.o(RESET) refers to startup_stm32f407xx.o(STACK) for __initial_sp
    startup_stm32f407xx.o(RESET) refers to startup_stm32f407xx.o(.text) for Reset_Handler
    startup_stm32f407xx.o(RESET) refers to stm32f4xx_it_1.o(.text.NMI_Handler) for NMI_Handler
    startup_stm32f407xx.o(RESET) refers to stm32f4xx_it_1.o(.text.HardFault_Handler) for HardFault_Handler
    startup_stm32f407xx.o(RESET) refers to stm32f4xx_it_1.o(.text.MemManage_Handler) for MemManage_Handler
    startup_stm32f407xx.o(RESET) refers to stm32f4xx_it_1.o(.text.BusFault_Handler) for BusFault_Handler
    startup_stm32f407xx.o(RESET) refers to stm32f4xx_it_1.o(.text.UsageFault_Handler) for UsageFault_Handler
    startup_stm32f407xx.o(RESET) refers to stm32f4xx_it_1.o(.text.SVC_Handler) for SVC_Handler
    startup_stm32f407xx.o(RESET) refers to stm32f4xx_it_1.o(.text.DebugMon_Handler) for DebugMon_Handler
    startup_stm32f407xx.o(RESET) refers to stm32f4xx_it_1.o(.text.PendSV_Handler) for PendSV_Handler
    startup_stm32f407xx.o(RESET) refers to stm32f4xx_it_1.o(.text.SysTick_Handler) for SysTick_Handler
    startup_stm32f407xx.o(RESET) refers to stm32f4xx_it_1.o(.text.TIM4_IRQHandler) for TIM4_IRQHandler
    startup_stm32f407xx.o(.text) refers to system_stm32f4xx.o(.text.SystemInit) for SystemInit
    startup_stm32f407xx.o(.text) refers to entry.o(.ARM.Collect$$$$00000000) for __main
    stm32f4xx_hal_tim.o(.text.HAL_TIM_Base_Init) refers to stm32f4xx_hal_tim.o(.text.HAL_TIM_Base_MspInit) for HAL_TIM_Base_MspInit
    stm32f4xx_hal_tim.o(.text.HAL_TIM_Base_Init) refers to stm32f4xx_hal_tim.o(.text.TIM_Base_SetConfig) for TIM_Base_SetConfig
    stm32f4xx_hal_tim.o(.ARM.exidx.text.HAL_TIM_Base_Init) refers to stm32f4xx_hal_tim.o(.text.HAL_TIM_Base_Init) for [Anonymous Symbol]
    stm32f4xx_hal_tim.o(.ARM.exidx.text.HAL_TIM_Base_MspInit) refers to stm32f4xx_hal_tim.o(.text.HAL_TIM_Base_MspInit) for [Anonymous Symbol]
    stm32f4xx_hal_tim.o(.ARM.exidx.text.TIM_Base_SetConfig) refers to stm32f4xx_hal_tim.o(.text.TIM_Base_SetConfig) for [Anonymous Symbol]
    stm32f4xx_hal_tim.o(.text.HAL_TIM_Base_DeInit) refers to stm32f4xx_hal_tim.o(.text.HAL_TIM_Base_MspDeInit) for HAL_TIM_Base_MspDeInit
    stm32f4xx_hal_tim.o(.ARM.exidx.text.HAL_TIM_Base_DeInit) refers to stm32f4xx_hal_tim.o(.text.HAL_TIM_Base_DeInit) for [Anonymous Symbol]
    stm32f4xx_hal_tim.o(.ARM.exidx.text.HAL_TIM_Base_MspDeInit) refers to stm32f4xx_hal_tim.o(.text.HAL_TIM_Base_MspDeInit) for [Anonymous Symbol]
    stm32f4xx_hal_tim.o(.ARM.exidx.text.HAL_TIM_Base_Start) refers to stm32f4xx_hal_tim.o(.text.HAL_TIM_Base_Start) for [Anonymous Symbol]
    stm32f4xx_hal_tim.o(.ARM.exidx.text.HAL_TIM_Base_Stop) refers to stm32f4xx_hal_tim.o(.text.HAL_TIM_Base_Stop) for [Anonymous Symbol]
    stm32f4xx_hal_tim.o(.ARM.exidx.text.HAL_TIM_Base_Start_IT) refers to stm32f4xx_hal_tim.o(.text.HAL_TIM_Base_Start_IT) for [Anonymous Symbol]
    stm32f4xx_hal_tim.o(.ARM.exidx.text.HAL_TIM_Base_Stop_IT) refers to stm32f4xx_hal_tim.o(.text.HAL_TIM_Base_Stop_IT) for [Anonymous Symbol]
    stm32f4xx_hal_tim.o(.text.HAL_TIM_Base_Start_DMA) refers to stm32f4xx_hal_tim.o(.text.TIM_DMAPeriodElapsedCplt) for TIM_DMAPeriodElapsedCplt
    stm32f4xx_hal_tim.o(.text.HAL_TIM_Base_Start_DMA) refers to stm32f4xx_hal_tim.o(.text.TIM_DMAPeriodElapsedHalfCplt) for TIM_DMAPeriodElapsedHalfCplt
    stm32f4xx_hal_tim.o(.text.HAL_TIM_Base_Start_DMA) refers to stm32f4xx_hal_tim.o(.text.TIM_DMAError) for TIM_DMAError
    stm32f4xx_hal_tim.o(.text.HAL_TIM_Base_Start_DMA) refers to stm32f4xx_hal_dma.o(.text.HAL_DMA_Start_IT) for HAL_DMA_Start_IT
    stm32f4xx_hal_tim.o(.ARM.exidx.text.HAL_TIM_Base_Start_DMA) refers to stm32f4xx_hal_tim.o(.text.HAL_TIM_Base_Start_DMA) for [Anonymous Symbol]
    stm32f4xx_hal_tim.o(.text.TIM_DMAPeriodElapsedCplt) refers to stm32f4xx_hal_tim.o(.text.HAL_TIM_PeriodElapsedCallback) for HAL_TIM_PeriodElapsedCallback
    stm32f4xx_hal_tim.o(.ARM.exidx.text.TIM_DMAPeriodElapsedCplt) refers to stm32f4xx_hal_tim.o(.text.TIM_DMAPeriodElapsedCplt) for [Anonymous Symbol]
    stm32f4xx_hal_tim.o(.text.TIM_DMAPeriodElapsedHalfCplt) refers to stm32f4xx_hal_tim.o(.text.HAL_TIM_PeriodElapsedHalfCpltCallback) for HAL_TIM_PeriodElapsedHalfCpltCallback
    stm32f4xx_hal_tim.o(.ARM.exidx.text.TIM_DMAPeriodElapsedHalfCplt) refers to stm32f4xx_hal_tim.o(.text.TIM_DMAPeriodElapsedHalfCplt) for [Anonymous Symbol]
    stm32f4xx_hal_tim.o(.text.TIM_DMAError) refers to stm32f4xx_hal_tim.o(.text.HAL_TIM_ErrorCallback) for HAL_TIM_ErrorCallback
    stm32f4xx_hal_tim.o(.ARM.exidx.text.TIM_DMAError) refers to stm32f4xx_hal_tim.o(.text.TIM_DMAError) for [Anonymous Symbol]
    stm32f4xx_hal_tim.o(.text.HAL_TIM_Base_Stop_DMA) refers to stm32f4xx_hal_dma.o(.text.HAL_DMA_Abort_IT) for HAL_DMA_Abort_IT
[...]
    Removing stm32f4xx_hal_tim.o(.text.HAL_TIM_Encoder_Start_IT), (100 bytes).
    Removing stm32f4xx_hal_tim.o(.ARM.exidx.text.HAL_TIM_Encoder_Start_IT), (8 bytes).
    Removing stm32f4xx_hal_tim.o(.text.HAL_TIM_Encoder_Stop_IT), (126 bytes).
    Removing stm32f4xx_hal_tim.o(.ARM.exidx.text.HAL_TIM_Encoder_Stop_IT), (8 bytes).
    Removing stm32f4xx_hal_tim.o(.text.HAL_TIM_Encoder_Start_DMA), (394 bytes).
    Removing stm32f4xx_hal_tim.o(.ARM.exidx.text.HAL_TIM_Encoder_Start_DMA), (8 bytes).
    Removing stm32f4xx_hal_tim.o(.text.HAL_TIM_Encoder_Stop_DMA), (154 bytes).
    Removing stm32f4xx_hal_tim.o(.ARM.exidx.text.HAL_TIM_Encoder_Stop_DMA), (8 bytes).
    Removing stm32f4xx_hal_tim.o(.ARM.exidx.text.HAL_TIM_IRQHandler), (8 bytes).
    Removing stm32f4xx_hal_tim.o(.ARM.exidx.text.HAL_TIM_IC_CaptureCallback), (8 bytes).
    Removing stm32f4xx_hal_tim.o(.ARM.exidx.text.HAL_TIM_OC_DelayElapsedCallback), (8 bytes).
    Removing stm32f4xx_hal_tim.o(.ARM.exidx.text.HAL_TIM_PWM_PulseFinishedCallback), (8 bytes).
    Removing stm32f4xx_hal_tim.o(.ARM.exidx.text.HAL_TIM_PeriodElapsedCallback), (8 bytes).
    Removing stm32f4xx_hal_tim.o(.ARM.exidx.text.HAL_TIM_TriggerCallback), (8 bytes).
    Removing stm32f4xx_hal_tim.o(.text.HAL_TIM_OC_ConfigChannel), (76 bytes).
    Removing stm32f4xx_hal_tim.o(.ARM.exidx.text.HAL_TIM_OC_ConfigChannel), (8 bytes).
    Removing stm32f4xx_hal_tim.o(.ARM.exidx.text.TIM_OC1_SetConfig), (8 bytes).
    Removing stm32f4xx_hal_tim.o(.ARM.exidx.text.TIM_OC2_SetConfig), (8 bytes).
    Removing stm32f4xx_hal_tim.o(.ARM.exidx.text.TIM_OC3_SetConfig), (8 bytes).
    Removing stm32f4xx_hal_tim.o(.ARM.exidx.text.TIM_OC4_SetConfig), (8 bytes).
    Removing stm32f4xx_hal_tim.o(.text.HAL_TIM_IC_ConfigChannel), (146 bytes).
    Removing stm32f4xx_hal_tim.o(.ARM.exidx.text.HAL_TIM_IC_ConfigChannel), (8 bytes).
    Removing stm32f4xx_hal_tim.o(.text.TIM_TI1_SetConfig), (168 bytes).
    Removing stm32f4xx_hal_tim.o(.ARM.exidx.text.TIM_TI1_SetConfig), (8 bytes).
    Removing stm32f4xx_hal_tim.o(.text.TIM_TI2_SetConfig), (60 bytes).
    Removing stm32f4xx_hal_tim.o(.ARM.exidx.text.TIM_TI2_SetConfig), (8 bytes).
    Removing stm32f4xx_hal_tim.o(.text.TIM_TI3_SetConfig), (52 bytes).
    Removing stm32f4xx_hal_tim.o(.ARM.exidx.text.TIM_TI3_SetConfig), (8 bytes).
    Removing stm32f4xx_hal_tim.o(.text.TIM_TI4_SetConfig), (60 bytes).
    Removing stm32f4xx_hal_tim.o(.ARM.exidx.text.TIM_TI4_SetConfig), (8 bytes).
    Removing stm32f4xx_hal_tim.o(.ARM.exidx.text.HAL_TIM_PWM_ConfigChannel), (8 bytes).
    Removing stm32f4xx_hal_tim.o(.text.HAL_TIM_OnePulse_ConfigChannel), (172 bytes).
    Removing stm32f4xx_hal_tim.o(.ARM.exidx.text.HAL_TIM_OnePulse_ConfigChannel), (8 bytes).
    Removing stm32f4xx_hal_tim.o(.text.HAL_TIM_DMABurst_WriteStart), (448 bytes).
    Removing stm32f4xx_hal_tim.o(.ARM.exidx.text.HAL_TIM_DMABurst_WriteStart), (8 bytes).
    Removing stm32f4xx_hal_tim.o(.text.TIM_DMATriggerCplt), (14 bytes).
    Removing stm32f4xx_hal_tim.o(.ARM.exidx.text.TIM_DMATriggerCplt), (8 bytes).
    Removing stm32f4xx_hal_tim.o(.text.TIM_DMATriggerHalfCplt), (14 bytes).
    Removing stm32f4xx_hal_tim.o(.ARM.exidx.text.TIM_DMATriggerHalfCplt), (8 bytes).
    Removing stm32f4xx_hal_tim.o(.text.HAL_TIM_DMABurst_WriteStop), (122 bytes).
    Removing stm32f4xx_hal_tim.o(.ARM.exidx.text.HAL_TIM_DMABurst_WriteStop), (8 bytes).
    Removing stm32f4xx_hal_tim.o(.text.HAL_TIM_DMABurst_ReadStart), (446 bytes).
    Removing stm32f4xx_hal_tim.o(.ARM.exidx.text.HAL_TIM_DMABurst_ReadStart), (8 bytes).
    Removing stm32f4xx_hal_tim.o(.text.HAL_TIM_DMABurst_ReadStop), (122 bytes).
    Removing stm32f4xx_hal_tim.o(.ARM.exidx.text.HAL_TIM_DMABurst_ReadStop), (8 bytes).
    Removing stm32f4xx_hal_tim.o(.text.HAL_TIM_GenerateEvent), (28 bytes).
    Removing stm32f4xx_hal_tim.o(.ARM.exidx.text.HAL_TIM_GenerateEvent), (8 bytes).
    Removing stm32f4xx_hal_tim.o(.text.HAL_TIM_ConfigOCrefClear), (178 bytes).
    Removing stm32f4xx_hal_tim.o(.ARM.exidx.text.HAL_TIM_ConfigOCrefClear), (8 bytes).
    Removing stm32f4xx_hal_tim.o(.text.TIM_ETR_SetConfig), (22 bytes).
    Removing stm32f4xx_hal_tim.o(.ARM.exidx.text.TIM_ETR_SetConfig), (8 bytes).
    Removing stm32f4xx_hal_tim.o(.text.HAL_TIM_ConfigClockSource), (198 bytes).
    Removing stm32f4xx_hal_tim.o(.ARM.exidx.text.HAL_TIM_ConfigClockSource), (8 bytes).
    Removing stm32f4xx_hal_tim.o(.text.TIM_TI1_ConfigInputStage), (34 bytes).
    Removing stm32f4xx_hal_tim.o(.ARM.exidx.text.TIM_TI1_ConfigInputStage), (8 bytes).
    Removing stm32f4xx_hal_tim.o(.text.TIM_ITRx_SetConfig), (16 bytes).
    Removing stm32f4xx_hal_tim.o(.ARM.exidx.text.TIM_ITRx_SetConfig), (8 bytes).
    Removing stm32f4xx_hal_tim.o(.text.TIM_TI2_ConfigInputStage), (36 bytes).
    Removing stm32f4xx_hal_tim.o(.ARM.exidx.text.TIM_TI2_ConfigInputStage), (8 bytes).
    Removing stm32f4xx_hal_tim.o(.text.HAL_TIM_ConfigTI1Input), (16 bytes).
    Removing stm32f4xx_hal_tim.o(.ARM.exidx.text.HAL_TIM_ConfigTI1Input), (8 bytes).
    Removing stm32f4xx_hal_tim.o(.text.HAL_TIM_SlaveConfigSynchro), (64 bytes).
    Removing stm32f4xx_hal_tim.o(.ARM.exidx.text.HAL_TIM_SlaveConfigSynchro), (8 bytes).
    Removing stm32f4xx_hal_tim.o(.text.TIM_SlaveTimer_SetConfig), (134 bytes).
    Removing stm32f4xx_hal_tim.o(.ARM.exidx.text.TIM_SlaveTimer_SetConfig), (8 bytes).
    Removing stm32f4xx_hal_tim.o(.text.HAL_TIM_SlaveConfigSynchro_IT), (64 bytes).
    Removing stm32f4xx_hal_tim.o(.ARM.exidx.text.HAL_TIM_SlaveConfigSynchro_IT), (8 bytes).
    Removing stm32f4xx_hal_tim.o(.text.HAL_TIM_ReadCapturedValue), (52 bytes).
    Removing stm32f4xx_hal_tim.o(.ARM.exidx.text.HAL_TIM_ReadCapturedValue), (8 bytes).
    Removing stm32f4xx_hal_tim.o(.text.HAL_TIM_PeriodElapsedHalfCpltCallback), (2 bytes).
    Removing stm32f4xx_hal_tim.o(.ARM.exidx.text.HAL_TIM_PeriodElapsedHalfCpltCallback), (8 bytes).
    Removing stm32f4xx_hal_tim.o(.text.HAL_TIM_IC_CaptureHalfCpltCallback), (2 bytes).
    Removing stm32f4xx_hal_tim.o(.ARM.exidx.text.HAL_TIM_IC_CaptureHalfCpltCallback), (8 bytes).
    Removing stm32f4xx_hal_tim.o(.text.HAL_TIM_PWM_PulseFinishedHalfCpltCallback), (2 bytes).
    Removing stm32f4xx_hal_tim.o(.ARM.exidx.text.HAL_TIM_PWM_PulseFinishedHalfCpltCallback), (8 bytes).
    Removing stm32f4xx_hal_tim.o(.text.HAL_TIM_TriggerHalfCpltCallback), (2 bytes).
    Removing stm32f4xx_hal_tim.o(.ARM.exidx.text.HAL_TIM_TriggerHalfCpltCallback), (8 bytes).
    Removing stm32f4xx_hal_tim.o(.text.HAL_TIM_ErrorCallback), (2 bytes).
    Removing stm32f4xx_hal_tim.o(.ARM.exidx.text.HAL_TIM_ErrorCallback), (8 bytes).
    Removing stm32f4xx_hal_tim.o(.text.HAL_TIM_Base_GetState), (4 bytes).
    Removing stm32f4xx_hal_tim.o(.ARM.exidx.text.HAL_TIM_Base_GetState), (8 bytes).
    Removing stm32f4xx_hal_tim.o(.text.HAL_TIM_OC_GetState), (4 bytes).
    Removing stm32f4xx_hal_tim.o(.ARM.exidx.text.HAL_TIM_OC_GetState), (8 bytes).
    Removing stm32f4xx_hal_tim.o(.text.HAL_TIM_PWM_GetState), (4 bytes).
    Removing stm32f4xx_hal_tim.o(.ARM.exidx.text.HAL_TIM_PWM_GetState), (8 bytes).
    Removing stm32f4xx_hal_tim.o(.text.HAL_TIM_IC_GetState), (4 bytes).
    Removing stm32f4xx_hal_tim.o(.ARM.exidx.text.HAL_TIM_IC_GetState), (8 bytes).
    Removing stm32f4xx_hal_tim.o(.text.HAL_TIM_OnePulse_GetState), (4 bytes).
    Removing stm32f4xx_hal_tim.o(.ARM.exidx.text.HAL_TIM_OnePulse_GetState), (8 bytes).
    Removing stm32f4xx_hal_tim.o(.text.HAL_TIM_Encoder_GetState), (4 bytes).
    Removing stm32f4xx_hal_tim.o(.ARM.exidx.text.HAL_TIM_Encoder_GetState), (8 bytes).
    Removing stm32f4xx_hal_tim_ex.o(.text), (0 bytes).
    Removing stm32f4xx_hal_tim_ex.o(.text.HAL_TIMEx_HallSensor_Init), (166 bytes).
    Removing stm32f4xx_hal_tim_ex.o(.ARM.exidx.text.HAL_TIMEx_HallSensor_Init), (8 bytes).
    Removing stm32f4xx_hal_tim_ex.o(.text.HAL_TIMEx_HallSensor_MspInit), (2 bytes).
    Removing stm32f4xx_hal_tim_ex.o(.ARM.exidx.text.HAL_TIMEx_HallSensor_MspInit), (8 bytes).
    Removing stm32f4xx_hal_tim_ex.o(.text.HAL_TIMEx_HallSensor_DeInit), (54 bytes).
    Removing stm32f4xx_hal_tim_ex.o(.ARM.exidx.text.HAL_TIMEx_HallSensor_DeInit), (8 bytes).
    Removing stm32f4xx_hal_tim_ex.o(.text.HAL_TIMEx_HallSensor_MspDeInit), (2 bytes).
    Removing stm32f4xx_hal_tim_ex.o(.ARM.exidx.text.HAL_TIMEx_HallSensor_MspDeInit), (8 bytes).
    Removing stm32f4xx_hal_tim_ex.o(.text.HAL_TIMEx_HallSensor_Start), (38 bytes).
    Removing stm32f4xx_hal_tim_ex.o(.ARM.exidx.text.HAL_TIMEx_HallSensor_Start), (8 bytes).
    Removing stm32f4xx_hal_tim_ex.o(.text.HAL_TIMEx_HallSensor_Stop), (52 bytes).
    Removing stm32f4xx_hal_tim_ex.o(.ARM.exidx.text.HAL_TIMEx_HallSensor_Stop), (8 bytes).
    Removing stm32f4xx_hal_tim_ex.o(.text.HAL_TIMEx_HallSensor_Start_IT), (46 bytes).
    Removing stm32f4xx_hal_tim_ex.o(.ARM.exidx.text.HAL_TIMEx_HallSensor_Start_IT), (8 bytes).
    Removing stm32f4xx_hal_tim_ex.o(.text.HAL_TIMEx_HallSensor_Stop_IT), (60 bytes).
    Removing stm32f4xx_hal_tim_ex.o(.ARM.exidx.text.HAL_TIMEx_HallSensor_Stop_IT), (8 bytes).
    Removing stm32f4xx_hal_tim_ex.o(.text.HAL_TIMEx_HallSensor_Start_DMA), (138 bytes).
    Removing stm32f4xx_hal_tim_ex.o(.ARM.exidx.text.HAL_TIMEx_HallSensor_Start_DMA), (8 bytes).
    Removing stm32f4xx_hal_tim_ex.o(.text.HAL_TIMEx_HallSensor_Stop_DMA), (68 bytes).
    Removing stm32f4xx_hal_tim_ex.o(.ARM.exidx.text.HAL_TIMEx_HallSensor_Stop_DMA), (8 bytes).
    Removing stm32f4xx_hal_tim_ex.o(.text.HAL_TIMEx_OCN_Start), (44 bytes).
    Removing stm32f4xx_hal_tim_ex.o(.ARM.exidx.text.HAL_TIMEx_OCN_Start), (8 bytes).
    Removing stm32f4xx_hal_tim_ex.o(.text.TIM_CCxNChannelCmd), (36 bytes).
    Removing stm32f4xx_hal_tim_ex.o(.ARM.exidx.text.TIM_CCxNChannelCmd), (8 bytes).
    Removing stm32f4xx_hal_tim_ex.o(.text.HAL_TIMEx_OCN_Stop), (74 bytes).
    Removing stm32f4xx_hal_tim_ex.o(.ARM.exidx.text.HAL_TIMEx_OCN_Stop), (8 bytes).
    Removing stm32f4xx_hal_tim_ex.o(.text.HAL_TIMEx_OCN_Start_IT), (80 bytes).
    Removing stm32f4xx_hal_tim_ex.o(.ARM.exidx.text.HAL_TIMEx_OCN_Start_IT), (8 bytes).
    Removing stm32f4xx_hal_tim_ex.o(.text.HAL_TIMEx_OCN_Stop_IT), (126 bytes).
    Removing stm32f4xx_hal_tim_ex.o(.ARM.exidx.text.HAL_TIMEx_OCN_Stop_IT), (8 bytes).
    Removing stm32f4xx_hal_tim_ex.o(.text.HAL_TIMEx_OCN_Start_DMA), (286 bytes).
    Removing stm32f4xx_hal_tim_ex.o(.ARM.exidx.text.HAL_TIMEx_OCN_Start_DMA), (8 bytes).
    Removing stm32f4xx_hal_tim_ex.o(.text.HAL_TIMEx_OCN_Stop_DMA), (136 bytes).
    Removing stm32f4xx_hal_tim_ex.o(.ARM.exidx.text.HAL_TIMEx_OCN_Stop_DMA), (8 bytes).
    Removing stm32f4xx_hal_tim_ex.o(.text.HAL_TIMEx_PWMN_Start), (44 bytes).
    Removing stm32f4xx_hal_tim_ex.o(.ARM.exidx.text.HAL_TIMEx_PWMN_Start), (8 bytes).
    Removing stm32f4xx_hal_tim_ex.o(.text.HAL_TIMEx_PWMN_Stop), (74 bytes).
    Removing stm32f4xx_hal_tim_ex.o(.ARM.exidx.text.HAL_TIMEx_PWMN_Stop), (8 bytes).
    Removing stm32f4xx_hal_tim_ex.o(.text.HAL_TIMEx_PWMN_Start_IT), (80 bytes).
    Removing stm32f4xx_hal_tim_ex.o(.ARM.exidx.text.HAL_TIMEx_PWMN_Start_IT), (8 bytes).
    Removing stm32f4xx_hal_tim_ex.o(.text.HAL_TIMEx_PWMN_Stop_IT), (126 bytes).
    Removing stm32f4xx_hal_tim_ex.o(.ARM.exidx.text.HAL_TIMEx_PWMN_Stop_IT), (8 bytes).
    Removing stm32f4xx_hal_tim_ex.o(.text.HAL_TIMEx_PWMN_Start_DMA), (286 bytes).
    Removing stm32f4xx_hal_tim_ex.o(.ARM.exidx.text.HAL_TIMEx_PWMN_Start_DMA), (8 bytes).
    Removing stm32f4xx_hal_tim_ex.o(.text.HAL_TIMEx_PWMN_Stop_DMA), (136 bytes).
    Removing stm32f4xx_hal_tim_ex.o(.ARM.exidx.text.HAL_TIMEx_PWMN_Stop_DMA), (8 bytes).
    Removing stm32f4xx_hal_tim_ex.o(.text.HAL_TIMEx_OnePulseN_Start), (26 bytes).
    Removing stm32f4xx_hal_tim_ex.o(.ARM.exidx.text.HAL_TIMEx_OnePulseN_Start), (8 bytes).
    Removing stm32f4xx_hal_tim_ex.o(.text.HAL_TIMEx_OnePulseN_Stop), (74 bytes).
    Removing stm32f4xx_hal_tim_ex.o(.ARM.exidx.text.HAL_TIMEx_OnePulseN_Stop), (8 bytes).
    Removing stm32f4xx_hal_tim_ex.o(.text.HAL_TIMEx_OnePulseN_Start_IT), (42 bytes).
    Removing stm32f4xx_hal_tim_ex.o(.ARM.exidx.text.HAL_TIMEx_OnePulseN_Start_IT), (8 bytes).
    Removing stm32f4xx_hal_tim_ex.o(.text.HAL_TIMEx_OnePulseN_Stop_IT), (90 bytes).
    Removing stm32f4xx_hal_tim_ex.o(.ARM.exidx.text.HAL_TIMEx_OnePulseN_Stop_IT), (8 bytes).
    Removing stm32f4xx_hal_tim_ex.o(.text.HAL_TIMEx_ConfigCommutEvent), (100 bytes).
    Removing stm32f4xx_hal_tim_ex.o(.ARM.exidx.text.HAL_TIMEx_ConfigCommutEvent), (8 bytes).
    Removing stm32f4xx_hal_tim_ex.o(.text.HAL_TIMEx_ConfigCommutEvent_IT), (100 bytes).
    Removing stm32f4xx_hal_tim_ex.o(.ARM.exidx.text.HAL_TIMEx_ConfigCommutEvent_IT), (8 bytes).
    Removing stm32f4xx_hal_tim_ex.o(.text.HAL_TIMEx_ConfigCommutEvent_DMA), (140 bytes).
    Removing stm32f4xx_hal_tim_ex.o(.ARM.exidx.text.HAL_TIMEx_ConfigCommutEvent_DMA), (8 bytes).
    Removing stm32f4xx_hal_tim_ex.o(.text.TIMEx_DMACommutationCplt), (14 bytes).
    Removing stm32f4xx_hal_tim_ex.o(.ARM.exidx.text.TIMEx_DMACommutationCplt), (8 bytes).
    Removing stm32f4xx_hal_tim_ex.o(.text.TIMEx_DMACommutationHalfCplt), (14 bytes).
    Removing stm32f4xx_hal_tim_ex.o(.ARM.exidx.text.TIMEx_DMACommutationHalfCplt), (8 bytes).
    Removing stm32f4xx_hal_tim_ex.o(.ARM.exidx.text.HAL_TIMEx_MasterConfigSynchronization), (8 bytes).
    Removing stm32f4xx_hal_tim_ex.o(.text.HAL_TIMEx_ConfigBreakDeadTime), (72 bytes).
    Removing stm32f4xx_hal_tim_ex.o(.ARM.exidx.text.HAL_TIMEx_ConfigBreakDeadTime), (8 bytes).
    Removing stm32f4xx_hal_tim_ex.o(.text.HAL_TIMEx_RemapConfig), (22 bytes).
    Removing stm32f4xx_hal_tim_ex.o(.ARM.exidx.text.HAL_TIMEx_RemapConfig), (8 bytes).
    Removing stm32f4xx_hal_tim_ex.o(.ARM.exidx.text.HAL_TIMEx_CommutCallback), (8 bytes).
    Removing stm32f4xx_hal_tim_ex.o(.text.HAL_TIMEx_CommutHalfCpltCallback), (2 bytes).
    Removing stm32f4xx_hal_tim_ex.o(.ARM.exidx.text.HAL_TIMEx_CommutHalfCpltCallback), (8 bytes).
    Removing stm32f4xx_hal_tim_ex.o(.ARM.exidx.text.HAL_TIMEx_BreakCallback), (8 bytes).
    Removing stm32f4xx_hal_tim_ex.o(.text.HAL_TIMEx_HallSensor_GetState), (4 bytes).
    Removing stm32f4xx_hal_tim_ex.o(.ARM.exidx.text.HAL_TIMEx_HallSensor_GetState), (8 bytes).
    Removing stm32f4xx_hal_rcc.o(.text), (0 bytes).
    Removing stm32f4xx_hal_rcc.o(.text.HAL_RCC_DeInit), (4 bytes).
    Removing stm32f4xx_hal_rcc.o(.ARM.exidx.text.HAL_RCC_DeInit), (8 bytes).
    Removing stm32f4xx_hal_rcc.o(.ARM.exidx.text.HAL_RCC_OscConfig), (8 bytes).
    Removing stm32f4xx_hal_rcc.o(.ARM.exidx.text.HAL_RCC_ClockConfig), (8 bytes).
    Removing stm32f4xx_hal_rcc.o(.ARM.exidx.text.HAL_RCC_GetSysClockFreq), (8 bytes).
    Removing stm32f4xx_hal_rcc.o(.text.HAL_RCC_MCOConfig), (158 bytes).
    Removing stm32f4xx_hal_rcc.o(.ARM.exidx.text.HAL_RCC_MCOConfig), (8 bytes).
    Removing stm32f4xx_hal_rcc.o(.text.HAL_RCC_EnableCSS), (12 bytes).
    Removing stm32f4xx_hal_rcc.o(.ARM.exidx.text.HAL_RCC_EnableCSS), (8 bytes).
    Removing stm32f4xx_hal_rcc.o(.text.HAL_RCC_DisableCSS), (12 bytes).
    Removing stm32f4xx_hal_rcc.o(.ARM.exidx.text.HAL_RCC_DisableCSS), (8 bytes).
    Removing stm32f4xx_hal_rcc.o(.text.HAL_RCC_GetHCLKFreq), (12 bytes).
    Removing stm32f4xx_hal_rcc.o(.ARM.exidx.text.HAL_RCC_GetHCLKFreq), (8 bytes).
    Removing stm32f4xx_hal_rcc.o(.text.HAL_RCC_GetPCLK1Freq), (34 bytes).
    Removing stm32f4xx_hal_rcc.o(.ARM.exidx.text.HAL_RCC_GetPCLK1Freq), (8 bytes).
    Removing stm32f4xx_hal_rcc.o(.text.HAL_RCC_GetPCLK2Freq), (34 bytes).
    Removing stm32f4xx_hal_rcc.o(.ARM.exidx.text.HAL_RCC_GetPCLK2Freq), (8 bytes).
    Removing stm32f4xx_hal_rcc.o(.text.HAL_RCC_GetOscConfig), (152 bytes).
    Removing stm32f4xx_hal_rcc.o(.ARM.exidx.text.HAL_RCC_GetOscConfig), (8 bytes).
    Removing stm32f4xx_hal_rcc.o(.text.HAL_RCC_GetClockConfig), (62 bytes).
    Removing stm32f4xx_hal_rcc.o(.ARM.exidx.text.HAL_RCC_GetClockConfig), (8 bytes).
    Removing stm32f4xx_hal_rcc.o(.text.HAL_RCC_NMI_IRQHandler), (28 bytes).
    Removing stm32f4xx_hal_rcc.o(.ARM.exidx.text.HAL_RCC_NMI_IRQHandler), (8 bytes).
    Removing stm32f4xx_hal_rcc.o(.text.HAL_RCC_CSSCallback), (2 bytes).
    Removing stm32f4xx_hal_rcc.o(.ARM.exidx.text.HAL_RCC_CSSCallback), (8 bytes).
    Removing stm32f4xx_hal_rcc_ex.o(.text), (0 bytes).
    Removing stm32f4xx_hal_rcc_ex.o(.text.HAL_RCCEx_PeriphCLKConfig), (326 bytes).
    Removing stm32f4xx_hal_rcc_ex.o(.ARM.exidx.text.HAL_RCCEx_PeriphCLKConfig), (8 bytes).
    Removing stm32f4xx_hal_rcc_ex.o(.text.HAL_RCCEx_GetPeriphCLKConfig), (50 bytes).
    Removing stm32f4xx_hal_rcc_ex.o(.ARM.exidx.text.HAL_RCCEx_GetPeriphCLKConfig), (8 bytes).
    Removing stm32f4xx_hal_rcc_ex.o(.text.HAL_RCCEx_GetPeriphCLKFreq), (78 bytes).
    Removing stm32f4xx_hal_rcc_ex.o(.ARM.exidx.text.HAL_RCCEx_GetPeriphCLKFreq), (8 bytes).
    Removing stm32f4xx_hal_rcc_ex.o(.text.HAL_RCCEx_EnablePLLI2S), (104 bytes).
    Removing stm32f4xx_hal_rcc_ex.o(.ARM.exidx.text.HAL_RCCEx_EnablePLLI2S), (8 bytes).
    Removing stm32f4xx_hal_rcc_ex.o(.text.HAL_RCCEx_DisablePLLI2S), (52 bytes).
    Removing stm32f4xx_hal_rcc_ex.o(.ARM.exidx.text.HAL_RCCEx_DisablePLLI2S), (8 bytes).
    Removing stm32f4xx_hal_rcc_ex.o(.text.HAL_RCC_DeInit), (290 bytes).
    Removing stm32f4xx_hal_rcc_ex.o(.ARM.exidx.text.HAL_RCC_DeInit), (8 bytes).
    Removing stm32f4xx_hal_flash.o(.text), (0 bytes).
    Removing stm32f4xx_hal_flash.o(.text.HAL_FLASH_Program), (134 bytes).
    Removing stm32f4xx_hal_flash.o(.ARM.exidx.text.HAL_FLASH_Program), (8 bytes).
    Removing stm32f4xx_hal_flash.o(.text.FLASH_WaitForLastOperation), (106 bytes).
    Removing stm32f4xx_hal_flash.o(.ARM.exidx.text.FLASH_WaitForLastOperation), (8 bytes).
    Removing stm32f4xx_hal_flash.o(.text.FLASH_Program_Byte), (32 bytes).
    Removing stm32f4xx_hal_flash.o(.ARM.exidx.text.FLASH_Program_Byte), (8 bytes).
    Removing stm32f4xx_hal_flash.o(.text.FLASH_Program_HalfWord), (36 bytes).
    Removing stm32f4xx_hal_flash.o(.ARM.exidx.text.FLASH_Program_HalfWord), (8 bytes).
    Removing stm32f4xx_hal_flash.o(.text.FLASH_Program_Word), (36 bytes).
    Removing stm32f4xx_hal_flash.o(.ARM.exidx.text.FLASH_Program_Word), (8 bytes).
    Removing stm32f4xx_hal_flash.o(.text.FLASH_Program_DoubleWord), (56 bytes).
    Removing stm32f4xx_hal_flash.o(.ARM.exidx.text.FLASH_Program_DoubleWord), (8 bytes).
    Removing stm32f4xx_hal_flash.o(.text.HAL_FLASH_Program_IT), (136 bytes).
    Removing stm32f4xx_hal_flash.o(.ARM.exidx.text.HAL_FLASH_Program_IT), (8 bytes).
    Removing stm32f4xx_hal_flash.o(.text.HAL_FLASH_IRQHandler), (210 bytes).
    Removing stm32f4xx_hal_flash.o(.ARM.exidx.text.HAL_FLASH_IRQHandler), (8 bytes).
    Removing stm32f4xx_hal_flash.o(.text.FLASH_SetErrorCode), (110 bytes).
    Removing stm32f4xx_hal_flash.o(.ARM.exidx.text.FLASH_SetErrorCode), (8 bytes).
    Removing stm32f4xx_hal_flash.o(.text.HAL_FLASH_OperationErrorCallback), (2 bytes).
    Removing stm32f4xx_hal_flash.o(.ARM.exidx.text.HAL_FLASH_OperationErrorCallback), (8 bytes).
    Removing stm32f4xx_hal_flash.o(.text.HAL_FLASH_EndOfOperationCallback), (2 bytes).
    Removing stm32f4xx_hal_flash.o(.ARM.exidx.text.HAL_FLASH_EndOfOperationCallback), (8 bytes).
    Removing stm32f4xx_hal_flash.o(.text.HAL_FLASH_Unlock), (46 bytes).
    Removing stm32f4xx_hal_flash.o(.ARM.exidx.text.HAL_FLASH_Unlock), (8 bytes).
    Removing stm32f4xx_hal_flash.o(.text.HAL_FLASH_Lock), (20 bytes).
    Removing stm32f4xx_hal_flash.o(.ARM.exidx.text.HAL_FLASH_Lock), (8 bytes).
    Removing stm32f4xx_hal_flash.o(.text.HAL_FLASH_OB_Unlock), (42 bytes).
    Removing stm32f4xx_hal_flash.o(.ARM.exidx.text.HAL_FLASH_OB_Unlock), (8 bytes).
    Removing stm32f4xx_hal_flash.o(.text.HAL_FLASH_OB_Lock), (20 bytes).
    Removing stm32f4xx_hal_flash.o(.ARM.exidx.text.HAL_FLASH_OB_Lock), (8 bytes).
    Removing stm32f4xx_hal_flash.o(.text.HAL_FLASH_OB_Launch), (28 bytes).
    Removing stm32f4xx_hal_flash.o(.ARM.exidx.text.HAL_FLASH_OB_Launch), (8 bytes).
    Removing stm32f4xx_hal_flash.o(.text.HAL_FLASH_GetError), (12 bytes).
    Removing stm32f4xx_hal_flash.o(.ARM.exidx.text.HAL_FLASH_GetError), (8 bytes).
    Removing stm32f4xx_hal_flash.o(.bss.pFlash), (32 bytes).
    Removing stm32f4xx_hal_flash_ex.o(.text), (0 bytes).
    Removing stm32f4xx_hal_flash_ex.o(.text.HAL_FLASHEx_Erase), (182 bytes).
    Removing stm32f4xx_hal_flash_ex.o(.ARM.exidx.text.HAL_FLASHEx_Erase), (8 bytes).
    Removing stm32f4xx_hal_flash_ex.o(.text.FLASH_MassErase), (38 bytes).
    Removing stm32f4xx_hal_flash_ex.o(.ARM.exidx.text.FLASH_MassErase), (8 bytes).
    Removing stm32f4xx_hal_flash_ex.o(.text.FLASH_Erase_Sector), (70 bytes).
    Removing stm32f4xx_hal_flash_ex.o(.ARM.exidx.text.FLASH_Erase_Sector), (8 bytes).
    Removing stm32f4xx_hal_flash_ex.o(.text.FLASH_FlushCaches), (88 bytes).
    Removing stm32f4xx_hal_flash_ex.o(.ARM.exidx.text.FLASH_FlushCaches), (8 bytes).
    Removing stm32f4xx_hal_flash_ex.o(.text.HAL_FLASHEx_Erase_IT), (108 bytes).
    Removing stm32f4xx_hal_flash_ex.o(.ARM.exidx.text.HAL_FLASHEx_Erase_IT), (8 bytes).
    Removing stm32f4xx_hal_flash_ex.o(.text.HAL_FLASHEx_OBProgram), (106 bytes).
    Removing stm32f4xx_hal_flash_ex.o(.ARM.exidx.text.HAL_FLASHEx_OBProgram), (8 bytes).
    Removing stm32f4xx_hal_flash_ex.o(.text.FLASH_OB_EnableWRP), (34 bytes).
    Removing stm32f4xx_hal_flash_ex.o(.ARM.exidx.text.FLASH_OB_EnableWRP), (8 bytes).
    Removing stm32f4xx_hal_flash_ex.o(.text.FLASH_OB_DisableWRP), (34 bytes).
    Removing stm32f4xx_hal_flash_ex.o(.ARM.exidx.text.FLASH_OB_DisableWRP), (8 bytes).
    Removing stm32f4xx_hal_flash_ex.o(.text.FLASH_OB_RDP_LevelConfig), (30 bytes).
    Removing stm32f4xx_hal_flash_ex.o(.ARM.exidx.text.FLASH_OB_RDP_LevelConfig), (8 bytes).
    Removing stm32f4xx_hal_flash_ex.o(.text.FLASH_OB_UserConfig), (48 bytes).
    Removing stm32f4xx_hal_flash_ex.o(.ARM.exidx.text.FLASH_OB_UserConfig), (8 bytes).
    Removing stm32f4xx_hal_flash_ex.o(.text.FLASH_OB_BOR_LevelConfig), (24 bytes).
    Removing stm32f4xx_hal_flash_ex.o(.ARM.exidx.text.FLASH_OB_BOR_LevelConfig), (8 bytes).
    Removing stm32f4xx_hal_flash_ex.o(.text.HAL_FLASHEx_OBGetConfig), (34 bytes).
    Removing stm32f4xx_hal_flash_ex.o(.ARM.exidx.text.HAL_FLASHEx_OBGetConfig), (8 bytes).
    Removing stm32f4xx_hal_flash_ex.o(.text.FLASH_OB_GetWRP), (12 bytes).
    Removing stm32f4xx_hal_flash_ex.o(.ARM.exidx.text.FLASH_OB_GetWRP), (8 bytes).
    Removing stm32f4xx_hal_flash_ex.o(.text.FLASH_OB_GetRDP), (28 bytes).
    Removing stm32f4xx_hal_flash_ex.o(.ARM.exidx.text.FLASH_OB_GetRDP), (8 bytes).
    Removing stm32f4xx_hal_flash_ex.o(.text.FLASH_OB_GetUser), (16 bytes).
    Removing stm32f4xx_hal_flash_ex.o(.ARM.exidx.text.FLASH_OB_GetUser), (8 bytes).
    Removing stm32f4xx_hal_flash_ex.o(.text.FLASH_OB_GetBOR), (16 bytes).
    Removing stm32f4xx_hal_flash_ex.o(.ARM.exidx.text.FLASH_OB_GetBOR), (8 bytes).
    Removing stm32f4xx_hal_flash_ramfunc.o(.text), (0 bytes).
    Removing stm32f4xx_hal_gpio.o(.text), (0 bytes).
    Removing stm32f4xx_hal_gpio.o(.ARM.exidx.text.HAL_GPIO_Init), (8 bytes).
    Removing stm32f4xx_hal_gpio.o(.text.HAL_GPIO_DeInit), (262 bytes).
    Removing stm32f4xx_hal_gpio.o(.ARM.exidx.text.HAL_GPIO_DeInit), (8 bytes).
    Removing stm32f4xx_hal_gpio.o(.text.HAL_GPIO_ReadPin), (10 bytes).
    Removing stm32f4xx_hal_gpio.o(.ARM.exidx.text.HAL_GPIO_ReadPin), (8 bytes).
    Removing stm32f4xx_hal_gpio.o(.text.HAL_GPIO_WritePin), (10 bytes).
    Removing stm32f4xx_hal_gpio.o(.ARM.exidx.text.HAL_GPIO_WritePin), (8 bytes).
    Removing stm32f4xx_hal_gpio.o(.text.HAL_GPIO_TogglePin), (14 bytes).
    Removing stm32f4xx_hal_gpio.o(.ARM.exidx.text.HAL_GPIO_TogglePin), (8 bytes).
    Removing stm32f4xx_hal_gpio.o(.text.HAL_GPIO_LockPin), (40 bytes).
    Removing stm32f4xx_hal_gpio.o(.ARM.exidx.text.HAL_GPIO_LockPin), (8 bytes).
    Removing stm32f4xx_hal_gpio.o(.text.HAL_GPIO_EXTI_IRQHandler), (26 bytes).
    Removing stm32f4xx_hal_gpio.o(.ARM.exidx.text.HAL_GPIO_EXTI_IRQHandler), (8 bytes).
    Removing stm32f4xx_hal_gpio.o(.text.HAL_GPIO_EXTI_Callback), (2 bytes).
    Removing stm32f4xx_hal_gpio.o(.ARM.exidx.text.HAL_GPIO_EXTI_Callback), (8 bytes).
    Removing stm32f4xx_hal_dma_ex.o(.text), (0 bytes).
    Removing stm32f4xx_hal_dma_ex.o(.text.HAL_DMAEx_MultiBufferStart), (88 bytes).
    Removing stm32f4xx_hal_dma_ex.o(.ARM.exidx.text.HAL_DMAEx_MultiBufferStart), (8 bytes).
    Removing stm32f4xx_hal_dma_ex.o(.text.DMA_MultiBufferSetConfig), (30 bytes).
    Removing stm32f4xx_hal_dma_ex.o(.ARM.exidx.text.DMA_MultiBufferSetConfig), (8 bytes).
    Removing stm32f4xx_hal_dma_ex.o(.text.HAL_DMAEx_MultiBufferStart_IT), (1448 bytes).
    Removing stm32f4xx_hal_dma_ex.o(.ARM.exidx.text.HAL_DMAEx_MultiBufferStart_IT), (8 bytes).
    Removing stm32f4xx_hal_dma_ex.o(.text.HAL_DMAEx_ChangeMemory), (20 bytes).
    Removing stm32f4xx_hal_dma_ex.o(.ARM.exidx.text.HAL_DMAEx_ChangeMemory), (8 bytes).
    Removing stm32f4xx_hal_dma.o(.text), (0 bytes).
    Removing stm32f4xx_hal_dma.o(.text.HAL_DMA_Init), (200 bytes).
    Removing stm32f4xx_hal_dma.o(.ARM.exidx.text.HAL_DMA_Init), (8 bytes).
    Removing stm32f4xx_hal_dma.o(.text.DMA_CheckFifoParam), (80 bytes).
    Removing stm32f4xx_hal_dma.o(.ARM.exidx.text.DMA_CheckFifoParam), (8 bytes).
    Removing stm32f4xx_hal_dma.o(.text.DMA_CalcBaseAndBitshift), (60 bytes).
    Removing stm32f4xx_hal_dma.o(.ARM.exidx.text.DMA_CalcBaseAndBitshift), (8 bytes).
    Removing stm32f4xx_hal_dma.o(.text.HAL_DMA_DeInit), (84 bytes).
    Removing stm32f4xx_hal_dma.o(.ARM.exidx.text.HAL_DMA_DeInit), (8 bytes).
    Removing stm32f4xx_hal_dma.o(.text.HAL_DMA_Start), (56 bytes).
    Removing stm32f4xx_hal_dma.o(.ARM.exidx.text.HAL_DMA_Start), (8 bytes).
    Removing stm32f4xx_hal_dma.o(.text.DMA_SetConfig), (48 bytes).
    Removing stm32f4xx_hal_dma.o(.ARM.exidx.text.DMA_SetConfig), (8 bytes).
    Removing stm32f4xx_hal_dma.o(.text.HAL_DMA_Start_IT), (88 bytes).
    Removing stm32f4xx_hal_dma.o(.ARM.exidx.text.HAL_DMA_Start_IT), (8 bytes).
    Removing stm32f4xx_hal_dma.o(.text.HAL_DMA_Abort), (124 bytes).
    Removing stm32f4xx_hal_dma.o(.ARM.exidx.text.HAL_DMA_Abort), (8 bytes).
    Removing stm32f4xx_hal_dma.o(.text.HAL_DMA_Abort_IT), (32 bytes).
    Removing stm32f4xx_hal_dma.o(.ARM.exidx.text.HAL_DMA_Abort_IT), (8 bytes).
    Removing stm32f4xx_hal_dma.o(.text.HAL_DMA_PollForTransfer), (324 bytes).
    Removing stm32f4xx_hal_dma.o(.ARM.exidx.text.HAL_DMA_PollForTransfer), (8 bytes).
    Removing stm32f4xx_hal_dma.o(.text.HAL_DMA_IRQHandler), (376 bytes).
    Removing stm32f4xx_hal_dma.o(.ARM.exidx.text.HAL_DMA_IRQHandler), (8 bytes).
    Removing stm32f4xx_hal_dma.o(.text.HAL_DMA_RegisterCallback), (72 bytes).
    Removing stm32f4xx_hal_dma.o(.ARM.exidx.text.HAL_DMA_RegisterCallback), (8 bytes).
    Removing stm32f4xx_hal_dma.o(.text.HAL_DMA_UnRegisterCallback), (96 bytes).
    Removing stm32f4xx_hal_dma.o(.ARM.exidx.text.HAL_DMA_UnRegisterCallback), (8 bytes).
    Removing stm32f4xx_hal_dma.o(.text.HAL_DMA_GetState), (4 bytes).
    Removing stm32f4xx_hal_dma.o(.ARM.exidx.text.HAL_DMA_GetState), (8 bytes).
    Removing stm32f4xx_hal_dma.o(.text.HAL_DMA_GetError), (4 bytes).
    Removing stm32f4xx_hal_dma.o(.ARM.exidx.text.HAL_DMA_GetError), (8 bytes).
    Removing stm32f4xx_hal_pwr.o(.text), (0 bytes).
    Removing stm32f4xx_hal_pwr.o(.text.HAL_PWR_DeInit), (26 bytes).
    Removing stm32f4xx_hal_pwr.o(.ARM.exidx.text.HAL_PWR_DeInit), (8 bytes).
    Removing stm32f4xx_hal_pwr.o(.text.HAL_PWR_EnableBkUpAccess), (12 bytes).
    Removing stm32f4xx_hal_pwr.o(.ARM.exidx.text.HAL_PWR_EnableBkUpAccess), (8 bytes).
    Removing stm32f4xx_hal_pwr.o(.text.HAL_PWR_DisableBkUpAccess), (12 bytes).
    Removing stm32f4xx_hal_pwr.o(.ARM.exidx.text.HAL_PWR_DisableBkUpAccess), (8 bytes).
    Removing stm32f4xx_hal_pwr.o(.text.HAL_PWR_ConfigPVD), (128 bytes).
    Removing stm32f4xx_hal_pwr.o(.ARM.exidx.text.HAL_PWR_ConfigPVD), (8 bytes).
    Removing stm32f4xx_hal_pwr.o(.text.HAL_PWR_EnablePVD), (12 bytes).
    Removing stm32f4xx_hal_pwr.o(.ARM.exidx.text.HAL_PWR_EnablePVD), (8 bytes).
    Removing stm32f4xx_hal_pwr.o(.text.HAL_PWR_DisablePVD), (12 bytes).
    Removing stm32f4xx_hal_pwr.o(.ARM.exidx.text.HAL_PWR_DisablePVD), (8 bytes).
    Removing stm32f4xx_hal_pwr.o(.text.HAL_PWR_EnableWakeUpPin), (16 bytes).
    Removing stm32f4xx_hal_pwr.o(.ARM.exidx.text.HAL_PWR_EnableWakeUpPin), (8 bytes).
    Removing stm32f4xx_hal_pwr.o(.text.HAL_PWR_DisableWakeUpPin), (18 bytes).
    Removing stm32f4xx_hal_pwr.o(.ARM.exidx.text.HAL_PWR_DisableWakeUpPin), (8 bytes).
    Removing stm32f4xx_hal_pwr.o(.text.HAL_PWR_EnterSLEEPMode), (30 bytes).
    Removing stm32f4xx_hal_pwr.o(.ARM.exidx.text.HAL_PWR_EnterSLEEPMode), (8 bytes).
    Removing stm32f4xx_hal_pwr.o(.text.HAL_PWR_EnterSTOPMode), (60 bytes).
    Removing stm32f4xx_hal_pwr.o(.ARM.exidx.text.HAL_PWR_EnterSTOPMode), (8 bytes).
    Removing stm32f4xx_hal_pwr.o(.text.HAL_PWR_EnterSTANDBYMode), (36 bytes).
    Removing stm32f4xx_hal_pwr.o(.ARM.exidx.text.HAL_PWR_EnterSTANDBYMode), (8 bytes).
    Removing stm32f4xx_hal_pwr.o(.text.HAL_PWR_PVD_IRQHandler), (30 bytes).
    Removing stm32f4xx_hal_pwr.o(.ARM.exidx.text.HAL_PWR_PVD_IRQHandler), (8 bytes).
    Removing stm32f4xx_hal_pwr.o(.text.HAL_PWR_PVDCallback), (2 bytes).
    Removing stm32f4xx_hal_pwr.o(.ARM.exidx.text.HAL_PWR_PVDCallback), (8 bytes).
    Removing stm32f4xx_hal_pwr.o(.text.HAL_PWR_EnableSleepOnExit), (18 bytes).
    Removing stm32f4xx_hal_pwr.o(.ARM.exidx.text.HAL_PWR_EnableSleepOnExit), (8 bytes).
    Removing stm32f4xx_hal_pwr.o(.text.HAL_PWR_DisableSleepOnExit), (18 bytes).
    Removing stm32f4xx_hal_pwr.o(.ARM.exidx.text.HAL_PWR_DisableSleepOnExit), (8 bytes).
    Removing stm32f4xx_hal_pwr.o(.text.HAL_PWR_EnableSEVOnPend), (18 bytes).
    Removing stm32f4xx_hal_pwr.o(.ARM.exidx.text.HAL_PWR_EnableSEVOnPend), (8 bytes).
    Removing stm32f4xx_hal_pwr.o(.text.HAL_PWR_DisableSEVOnPend), (18 bytes).
    Removing stm32f4xx_hal_pwr.o(.ARM.exidx.text.HAL_PWR_DisableSEVOnPend), (8 bytes).
    Removing stm32f4xx_hal_pwr_ex.o(.text), (0 bytes).
    Removing stm32f4xx_hal_pwr_ex.o(.text.HAL_PWREx_EnableBkUpReg), (54 bytes).
    Removing stm32f4xx_hal_pwr_ex.o(.ARM.exidx.text.HAL_PWREx_EnableBkUpReg), (8 bytes).
    Removing stm32f4xx_hal_pwr_ex.o(.text.HAL_PWREx_DisableBkUpReg), (54 bytes).
    Removing stm32f4xx_hal_pwr_ex.o(.ARM.exidx.text.HAL_PWREx_DisableBkUpReg), (8 bytes).
    Removing stm32f4xx_hal_pwr_ex.o(.text.HAL_PWREx_EnableFlashPowerDown), (12 bytes).
    Removing stm32f4xx_hal_pwr_ex.o(.ARM.exidx.text.HAL_PWREx_EnableFlashPowerDown), (8 bytes).
    Removing stm32f4xx_hal_pwr_ex.o(.text.HAL_PWREx_DisableFlashPowerDown), (12 bytes).
    Removing stm32f4xx_hal_pwr_ex.o(.ARM.exidx.text.HAL_PWREx_DisableFlashPowerDown), (8 bytes).
    Removing stm32f4xx_hal_pwr_ex.o(.text.HAL_PWREx_GetVoltageRange), (16 bytes).
    Removing stm32f4xx_hal_pwr_ex.o(.ARM.exidx.text.HAL_PWREx_GetVoltageRange), (8 bytes).
    Removing stm32f4xx_hal_pwr_ex.o(.text.HAL_PWREx_ControlVoltageScaling), (102 bytes).
    Removing stm32f4xx_hal_pwr_ex.o(.ARM.exidx.text.HAL_PWREx_ControlVoltageScaling), (8 bytes).
    Removing stm32f4xx_hal_cortex.o(.text), (0 bytes).
    Removing stm32f4xx_hal_cortex.o(.ARM.exidx.text.HAL_NVIC_SetPriorityGrouping), (8 bytes).
    Removing stm32f4xx_hal_cortex.o(.ARM.exidx.text.__NVIC_SetPriorityGrouping), (8 bytes).
    Removing stm32f4xx_hal_cortex.o(.ARM.exidx.text.HAL_NVIC_SetPriority), (8 bytes).
    Removing stm32f4xx_hal_cortex.o(.ARM.exidx.text.__NVIC_GetPriorityGrouping), (8 bytes).
    Removing stm32f4xx_hal_cortex.o(.ARM.exidx.text.__NVIC_SetPriority), (8 bytes).
    Removing stm32f4xx_hal_cortex.o(.ARM.exidx.text.NVIC_EncodePriority), (8 bytes).
    Removing stm32f4xx_hal_cortex.o(.ARM.exidx.text.HAL_NVIC_EnableIRQ), (8 bytes).
    Removing stm32f4xx_hal_cortex.o(.ARM.exidx.text.__NVIC_EnableIRQ), (8 bytes).
    Removing stm32f4xx_hal_cortex.o(.text.HAL_NVIC_DisableIRQ), (8 bytes).
    Removing stm32f4xx_hal_cortex.o(.ARM.exidx.text.HAL_NVIC_DisableIRQ), (8 bytes).
    Removing stm32f4xx_hal_cortex.o(.text.__NVIC_DisableIRQ), (40 bytes).
    Removing stm32f4xx_hal_cortex.o(.ARM.exidx.text.__NVIC_DisableIRQ), (8 bytes).
    Removing stm32f4xx_hal_cortex.o(.text.HAL_NVIC_SystemReset), (4 bytes).
    Removing stm32f4xx_hal_cortex.o(.ARM.exidx.text.HAL_NVIC_SystemReset), (8 bytes).
    Removing stm32f4xx_hal_cortex.o(.text.__NVIC_SystemReset), (36 bytes).
    Removing stm32f4xx_hal_cortex.o(.ARM.exidx.text.__NVIC_SystemReset), (8 bytes).
    Removing stm32f4xx_hal_cortex.o(.ARM.exidx.text.HAL_SYSTICK_Config), (8 bytes).
    Removing stm32f4xx_hal_cortex.o(.ARM.exidx.text.SysTick_Config), (8 bytes).
    Removing stm32f4xx_hal_cortex.o(.text.HAL_MPU_Disable), (26 bytes).
    Removing stm32f4xx_hal_cortex.o(.ARM.exidx.text.HAL_MPU_Disable), (8 bytes).
    Removing stm32f4xx_hal_cortex.o(.text.HAL_MPU_Enable), (32 bytes).
    Removing stm32f4xx_hal_cortex.o(.ARM.exidx.text.HAL_MPU_Enable), (8 bytes).
    Removing stm32f4xx_hal_cortex.o(.text.HAL_MPU_ConfigRegion), (94 bytes).
    Removing stm32f4xx_hal_cortex.o(.ARM.exidx.text.HAL_MPU_ConfigRegion), (8 bytes).
    Removing stm32f4xx_hal_cortex.o(.text.HAL_NVIC_GetPriorityGrouping), (8 bytes).
    Removing stm32f4xx_hal_cortex.o(.ARM.exidx.text.HAL_NVIC_GetPriorityGrouping), (8 bytes).
    Removing stm32f4xx_hal_cortex.o(.text.HAL_NVIC_GetPriority), (24 bytes).
    Removing stm32f4xx_hal_cortex.o(.ARM.exidx.text.HAL_NVIC_GetPriority), (8 bytes).
    Removing stm32f4xx_hal_cortex.o(.text.NVIC_DecodePriority), (56 bytes).
    Removing stm32f4xx_hal_cortex.o(.ARM.exidx.text.NVIC_DecodePriority), (8 bytes).
    Removing stm32f4xx_hal_cortex.o(.text.__NVIC_GetPriority), (34 bytes).
    Removing stm32f4xx_hal_cortex.o(.ARM.exidx.text.__NVIC_GetPriority), (8 bytes).
    Removing stm32f4xx_hal_cortex.o(.text.HAL_NVIC_SetPendingIRQ), (8 bytes).
    Removing stm32f4xx_hal_cortex.o(.ARM.exidx.text.HAL_NVIC_SetPendingIRQ), (8 bytes).
    Removing stm32f4xx_hal_cortex.o(.text.__NVIC_SetPendingIRQ), (32 bytes).
    Removing stm32f4xx_hal_cortex.o(.ARM.exidx.text.__NVIC_SetPendingIRQ), (8 bytes).
    Removing stm32f4xx_hal_cortex.o(.text.HAL_NVIC_GetPendingIRQ), (8 bytes).
    Removing stm32f4xx_hal_cortex.o(.ARM.exidx.text.HAL_NVIC_GetPendingIRQ), (8 bytes).
    Removing stm32f4xx_hal_cortex.o(.text.__NVIC_GetPendingIRQ), (36 bytes).
    Removing stm32f4xx_hal_cortex.o(.ARM.exidx.text.__NVIC_GetPendingIRQ), (8 bytes).
    Removing stm32f4xx_hal_cortex.o(.text.HAL_NVIC_ClearPendingIRQ), (8 bytes).
    Removing stm32f4xx_hal_cortex.o(.ARM.exidx.text.HAL_NVIC_ClearPendingIRQ), (8 bytes).
    Removing stm32f4xx_hal_cortex.o(.text.__NVIC_ClearPendingIRQ), (32 bytes).
    Removing stm32f4xx_hal_cortex.o(.ARM.exidx.text.__NVIC_ClearPendingIRQ), (8 bytes).
    Removing stm32f4xx_hal_cortex.o(.text.HAL_NVIC_GetActive), (8 bytes).
    Removing stm32f4xx_hal_cortex.o(.ARM.exidx.text.HAL_NVIC_GetActive), (8 bytes).
    Removing stm32f4xx_hal_cortex.o(.text.__NVIC_GetActive), (36 bytes).
    Removing stm32f4xx_hal_cortex.o(.ARM.exidx.text.__NVIC_GetActive), (8 bytes).
    Removing stm32f4xx_hal_cortex.o(.text.HAL_SYSTICK_CLKSourceConfig), (24 bytes).
    Removing stm32f4xx_hal_cortex.o(.ARM.exidx.text.HAL_SYSTICK_CLKSourceConfig), (8 bytes).
    Removing stm32f4xx_hal_cortex.o(.text.HAL_SYSTICK_IRQHandler), (8 bytes).
    Removing stm32f4xx_hal_cortex.o(.ARM.exidx.text.HAL_SYSTICK_IRQHandler), (8 bytes).
    Removing stm32f4xx_hal_cortex.o(.text.HAL_SYSTICK_Callback), (2 bytes).
    Removing stm32f4xx_hal_cortex.o(.ARM.exidx.text.HAL_SYSTICK_Callback), (8 bytes).
    Removing stm32f4xx_hal.o(.text), (0 bytes).
    Removing stm32f4xx_hal.o(.ARM.exidx.text.HAL_Init), (8 bytes).
    Removing stm32f4xx_hal.o(.ARM.exidx.text.HAL_InitTick), (8 bytes).
    Removing stm32f4xx_hal.o(.text.HAL_MspInit), (2 bytes).
    Removing stm32f4xx_hal.o(.ARM.exidx.text.HAL_MspInit), (8 bytes).
    Removing stm32f4xx_hal.o(.text.HAL_DeInit), (44 bytes).
    Removing stm32f4xx_hal.o(.ARM.exidx.text.HAL_DeInit), (8 bytes).
    Removing stm32f4xx_hal.o(.text.HAL_MspDeInit), (2 bytes).
    Removing stm32f4xx_hal.o(.ARM.exidx.text.HAL_MspDeInit), (8 bytes).
    Removing stm32f4xx_hal.o(.ARM.exidx.text.HAL_IncTick), (8 bytes).
    Removing stm32f4xx_hal.o(.ARM.exidx.text.HAL_GetTick), (8 bytes).
    Removing stm32f4xx_hal.o(.text.HAL_GetTickPrio), (12 bytes).
    Removing stm32f4xx_hal.o(.ARM.exidx.text.HAL_GetTickPrio), (8 bytes).
    Removing stm32f4xx_hal.o(.text.HAL_SetTickFreq), (46 bytes).
    Removing stm32f4xx_hal.o(.ARM.exidx.text.HAL_SetTickFreq), (8 bytes).
    Removing stm32f4xx_hal.o(.text.HAL_GetTickFreq), (12 bytes).
    Removing stm32f4xx_hal.o(.ARM.exidx.text.HAL_GetTickFreq), (8 bytes).
    Removing stm32f4xx_hal.o(.text.HAL_Delay), (40 bytes).
    Removing stm32f4xx_hal.o(.ARM.exidx.text.HAL_Delay), (8 bytes).
    Removing stm32f4xx_hal.o(.text.HAL_SuspendTick), (18 bytes).
    Removing stm32f4xx_hal.o(.ARM.exidx.text.HAL_SuspendTick), (8 bytes).
    Removing stm32f4xx_hal.o(.text.HAL_ResumeTick), (18 bytes).
    Removing stm32f4xx_hal.o(.ARM.exidx.text.HAL_ResumeTick), (8 bytes).
    Removing stm32f4xx_hal.o(.text.HAL_GetHalVersion), (10 bytes).
    Removing stm32f4xx_hal.o(.ARM.exidx.text.HAL_GetHalVersion), (8 bytes).
    Removing stm32f4xx_hal.o(.text.HAL_GetREVID), (14 bytes).
    Removing stm32f4xx_hal.o(.ARM.exidx.text.HAL_GetREVID), (8 bytes).
    Removing stm32f4xx_hal.o(.text.HAL_GetDEVID), (16 bytes).
    Removing stm32f4xx_hal.o(.ARM.exidx.text.HAL_GetDEVID), (8 bytes).
    Removing stm32f4xx_hal.o(.text.HAL_DBGMCU_EnableDBGSleepMode), (18 bytes).
    Removing stm32f4xx_hal.o(.ARM.exidx.text.HAL_DBGMCU_EnableDBGSleepMode), (8 bytes).
    Removing stm32f4xx_hal.o(.text.HAL_DBGMCU_DisableDBGSleepMode), (18 bytes).
    Removing stm32f4xx_hal.o(.ARM.exidx.text.HAL_DBGMCU_DisableDBGSleepMode), (8 bytes).
    Removing stm32f4xx_hal.o(.text.HAL_DBGMCU_EnableDBGStopMode), (18 bytes).
    Removing stm32f4xx_hal.o(.ARM.exidx.text.HAL_DBGMCU_EnableDBGStopMode), (8 bytes).
    Removing stm32f4xx_hal.o(.text.HAL_DBGMCU_DisableDBGStopMode), (18 bytes).
    Removing stm32f4xx_hal.o(.ARM.exidx.text.HAL_DBGMCU_DisableDBGStopMode), (8 bytes).
    Removing stm32f4xx_hal.o(.text.HAL_DBGMCU_EnableDBGStandbyMode), (18 bytes).
    Removing stm32f4xx_hal.o(.ARM.exidx.text.HAL_DBGMCU_EnableDBGStandbyMode), (8 bytes).
    Removing stm32f4xx_hal.o(.text.HAL_DBGMCU_DisableDBGStandbyMode), (18 bytes).
    Removing stm32f4xx_hal.o(.ARM.exidx.text.HAL_DBGMCU_DisableDBGStandbyMode), (8 bytes).
    Removing stm32f4xx_hal.o(.text.HAL_EnableCompensationCell), (14 bytes).
    Removing stm32f4xx_hal.o(.ARM.exidx.text.HAL_EnableCompensationCell), (8 bytes).
    Removing stm32f4xx_hal.o(.text.HAL_DisableCompensationCell), (14 bytes).
    Removing stm32f4xx_hal.o(.ARM.exidx.text.HAL_DisableCompensationCell), (8 bytes).
    Removing stm32f4xx_hal.o(.text.HAL_GetUIDw0), (12 bytes).
    Removing stm32f4xx_hal.o(.ARM.exidx.text.HAL_GetUIDw0), (8 bytes).
    Removing stm32f4xx_hal.o(.text.HAL_GetUIDw1), (12 bytes).
    Removing stm32f4xx_hal.o(.ARM.exidx.text.HAL_GetUIDw1), (8 bytes).
    Removing stm32f4xx_hal.o(.text.HAL_GetUIDw2), (12 bytes).
    Removing stm32f4xx_hal.o(.ARM.exidx.text.HAL_GetUIDw2), (8 bytes).
    Removing stm32f4xx_hal_exti.o(.text), (0 bytes).
    Removing stm32f4xx_hal_exti.o(.text.HAL_EXTI_SetConfigLine), (180 bytes).
    Removing stm32f4xx_hal_exti.o(.ARM.exidx.text.HAL_EXTI_SetConfigLine), (8 bytes).
    Removing stm32f4xx_hal_exti.o(.text.HAL_EXTI_GetConfigLine), (156 bytes).
    Removing stm32f4xx_hal_exti.o(.ARM.exidx.text.HAL_EXTI_GetConfigLine), (8 bytes).
    Removing stm32f4xx_hal_exti.o(.text.HAL_EXTI_ClearConfigLine), (136 bytes).
    Removing stm32f4xx_hal_exti.o(.ARM.exidx.text.HAL_EXTI_ClearConfigLine), (8 bytes).
    Removing stm32f4xx_hal_exti.o(.text.HAL_EXTI_RegisterCallback), (12 bytes).
    Removing stm32f4xx_hal_exti.o(.ARM.exidx.text.HAL_EXTI_RegisterCallback), (8 bytes).
    Removing stm32f4xx_hal_exti.o(.text.HAL_EXTI_GetHandle), (12 bytes).
    Removing stm32f4xx_hal_exti.o(.ARM.exidx.text.HAL_EXTI_GetHandle), (8 bytes).
    Removing stm32f4xx_hal_exti.o(.text.HAL_EXTI_IRQHandler), (44 bytes).
    Removing stm32f4xx_hal_exti.o(.ARM.exidx.text.HAL_EXTI_IRQHandler), (8 bytes).
    Removing stm32f4xx_hal_exti.o(.text.HAL_EXTI_GetPending), (28 bytes).
    Removing stm32f4xx_hal_exti.o(.ARM.exidx.text.HAL_EXTI_GetPending), (8 bytes).
    Removing stm32f4xx_hal_exti.o(.text.HAL_EXTI_ClearPending), (24 bytes).
    Removing stm32f4xx_hal_exti.o(.ARM.exidx.text.HAL_EXTI_ClearPending), (8 bytes).
    Removing stm32f4xx_hal_exti.o(.text.HAL_EXTI_GenerateSWI), (24 bytes).
    Removing stm32f4xx_hal_exti.o(.ARM.exidx.text.HAL_EXTI_GenerateSWI), (8 bytes).
    Removing system_stm32f4xx.o(.text), (0 bytes).
    Removing system_stm32f4xx.o(.ARM.exidx.text.SystemInit), (8 bytes).
    Removing system_stm32f4xx.o(.text.SystemCoreClockUpdate), (126 bytes).
    Removing system_stm32f4xx.o(.ARM.exidx.text.SystemCoreClockUpdate), (8 bytes).
    Removing system_stm32f4xx.o(.rodata.APBPrescTable), (8 bytes).
    Removing button.o(.text), (0 bytes).
    Removing button.o(.text.Button_Init), (32 bytes).
    Removing button.o(.ARM.exidx.text.Button_Init), (8 bytes).
    Removing floor.o(.text), (0 bytes).
    Removing led.o(.text), (0 bytes).
    Removing led.o(.ARM.exidx.text.LED_Init), (8 bytes).
    Removing led.o(.text.LED_Update), (154 bytes).
    Removing led.o(.ARM.exidx.text.LED_Update), (8 bytes).
    Removing lift.o(.text), (0 bytes).
    Removing motor.o(.text), (0 bytes).
    Removing timer.o(.text), (0 bytes).
    Removing timer.o(.text.HAL_SYSTICK_Callback), (310 bytes).
    Removing timer.o(.ARM.exidx.text.HAL_SYSTICK_Callback), (8 bytes).
    Removing main_1.o(.text), (0 bytes).
    Removing main_1.o(.ARM.exidx.text.main), (8 bytes).
    Removing main_1.o(.ARM.exidx.text.SystemClock_Config), (8 bytes).
    Removing main_1.o(.ARM.exidx.text.Error_Handler), (8 bytes).
    Removing main_1.o(.bss.FLAGS), (6 bytes).
    Removing main_1.o(.ARM.use_no_argv), (4 bytes).
    Removing gpio_1.o(.text), (0 bytes).
    Removing gpio_1.o(.ARM.exidx.text.MX_GPIO_Init), (8 bytes).
    Removing tim_1.o(.text), (0 bytes).
    Removing tim_1.o(.ARM.exidx.text.MX_TIM4_Init), (8 bytes).
    Removing tim_1.o(.ARM.exidx.text.HAL_TIM_MspPostInit), (8 bytes).
    Removing tim_1.o(.ARM.exidx.text.HAL_TIM_PWM_MspInit), (8 bytes).
    Removing tim_1.o(.text.HAL_TIM_PWM_MspDeInit), (42 bytes).
    Removing tim_1.o(.ARM.exidx.text.HAL_TIM_PWM_MspDeInit), (8 bytes).
    Removing stm32f4xx_it_1.o(.text), (0 bytes).
    Removing stm32f4xx_it_1.o(.ARM.exidx.text.NMI_Handler), (8 bytes).
    Removing stm32f4xx_it_1.o(.ARM.exidx.text.HardFault_Handler), (8 bytes).
    Removing stm32f4xx_it_1.o(.ARM.exidx.text.MemManage_Handler), (8 bytes).
    Removing stm32f4xx_it_1.o(.ARM.exidx.text.BusFault_Handler), (8 bytes).
    Removing stm32f4xx_it_1.o(.ARM.exidx.text.UsageFault_Handler), (8 bytes).
    Removing stm32f4xx_it_1.o(.ARM.exidx.text.SVC_Handler), (8 bytes).
    Removing stm32f4xx_it_1.o(.ARM.exidx.text.DebugMon_Handler), (8 bytes).
    Removing stm32f4xx_it_1.o(.ARM.exidx.text.PendSV_Handler), (8 bytes).
    Removing stm32f4xx_it_1.o(.ARM.exidx.text.SysTick_Handler), (8 bytes).
    Removing stm32f4xx_it_1.o(.ARM.exidx.text.TIM4_IRQHandler), (8 bytes).
    Removing stm32f4xx_hal_msp_1.o(.text), (0 bytes).
    Removing stm32f4xx_hal_msp_1.o(.ARM.exidx.text.HAL_MspInit), (8 bytes).
    Removing retarget_io.o(.text), (0 bytes).
    Removing retarget_io.o(.text.ITM_SendChar), (46 bytes).
    Removing retarget_io.o(.ARM.exidx.text.ITM_SendChar), (8 bytes).
    Removing retarget_io.o(.text.ITM_ReceiveChar), (32 bytes).
    Removing retarget_io.o(.ARM.exidx.text.ITM_ReceiveChar), (8 bytes).
    Removing retarget_io.o(.text.fputc), (42 bytes).
    Removing retarget_io.o(.ARM.exidx.text.fputc), (8 bytes).
    Removing retarget_io.o(.text.stdout_putchar), (8 bytes).
    Removing retarget_io.o(.ARM.exidx.text.stdout_putchar), (8 bytes).
    Removing retarget_io.o(.text.stderr_putchar), (8 bytes).
    Removing retarget_io.o(.ARM.exidx.text.stderr_putchar), (8 bytes).
    Removing retarget_io.o(.text.fgetc), (72 bytes).
    Removing retarget_io.o(.ARM.exidx.text.fgetc), (8 bytes).
    Removing retarget_io.o(.text.stdin_getchar), (14 bytes).
    Removing retarget_io.o(.ARM.exidx.text.stdin_getchar), (8 bytes).
    Removing retarget_io.o(.text.__backspace), (48 bytes).
    Removing retarget_io.o(.ARM.exidx.text.__backspace), (8 bytes).
    Removing retarget_io.o(.text.__aeabi_assert), (176 bytes).
    Removing retarget_io.o(.ARM.exidx.text.__aeabi_assert), (8 bytes).
    Removing retarget_io.o(.text.abort), (2 bytes).
    Removing retarget_io.o(.ARM.exidx.text.abort), (8 bytes).
    Removing retarget_io.o(.data.ITM_RxBuffer), (4 bytes).
    Removing retarget_io.o(.bss.getchar_undo), (1 bytes).
    Removing retarget_io.o(.data.getchar_ch), (4 bytes).

700 unused section(s) (total 24567 bytes) removed from the image.

==============================================================================

Image Symbol Table

    Local Symbols

    Symbol Name                              Value     Ov Type        Size  Object(Section)

    ../clib/microlib/division.c              0x00000000   Number         0  uldiv.o ABSOLUTE
    ../clib/microlib/init/entry.s            0x00000000   Number         0  entry.o ABSOLUTE
    ../clib/microlib/init/entry.s            0x00000000   Number         0  entry2.o ABSOLUTE
    ../clib/microlib/init/entry.s            0x00000000   Number         0  entry5.o ABSOLUTE
    ../clib/microlib/init/entry.s            0x00000000   Number         0  entry7a.o ABSOLUTE
    ../clib/microlib/init/entry.s            0x00000000   Number         0  entry7b.o ABSOLUTE
    ../clib/microlib/init/entry.s            0x00000000   Number         0  entry8a.o ABSOLUTE
    ../clib/microlib/init/entry.s            0x00000000   Number         0  entry8b.o ABSOLUTE
    ../clib/microlib/init/entry.s            0x00000000   Number         0  entry9a.o ABSOLUTE
    ../clib/microlib/init/entry.s            0x00000000   Number         0  entry9b.o ABSOLUTE
    ../clib/microlib/init/entry.s            0x00000000   Number         0  entry10a.o ABSOLUTE
    ../clib/microlib/init/entry.s            0x00000000   Number         0  entry10b.o ABSOLUTE
    ../clib/microlib/init/entry.s            0x00000000   Number         0  entry11a.o ABSOLUTE
    ../clib/microlib/init/entry.s            0x00000000   Number         0  entry11b.o ABSOLUTE
    ../clib/microlib/longlong.c              0x00000000   Number         0  llshl.o ABSOLUTE
    ../clib/microlib/longlong.c              0x00000000   Number         0  llushr.o ABSOLUTE
    ../clib/microlib/stdio/fputs.c           0x00000000   Number         0  fputs.o ABSOLUTE
    ../clib/microlib/stdio/fputs.c           0x00000000   Number         0  fputs_e.o ABSOLUTE
    ../clib/microlib/stdio/fwrite.c          0x00000000   Number         0  fwrite.o ABSOLUTE
    ../clib/microlib/stdio/fwrite.c          0x00000000   Number         0  fwrite_e.o ABSOLUTE
    ../clib/microlib/stdio/streams.c         0x00000000   Number         0  stdin.o ABSOLUTE
    ../clib/microlib/stdio/streams.c         0x00000000   Number         0  stdout.o ABSOLUTE
    ../clib/microlib/stdio/streams.c         0x00000000   Number         0  stderr.o ABSOLUTE
    ../clib/microlib/string/memset.c         0x00000000   Number         0  memseta.o ABSOLUTE
    button.c                                 0x00000000   Number         0  button.o ABSOLUTE
    dc.s                                     0x00000000   Number         0  dc.o ABSOLUTE
    floor.c                                  0x00000000   Number         0  floor.o ABSOLUTE
    gpio.c                                   0x00000000   Number         0  gpio_1.o ABSOLUTE
    handlers.s                               0x00000000   Number         0  handlers.o ABSOLUTE
    init.s                                   0x00000000   Number         0  init.o ABSOLUTE
    led.c                                    0x00000000   Number         0  led.o ABSOLUTE
    lift.c                                   0x00000000   Number         0  lift.o ABSOLUTE
    main.c                                   0x00000000   Number         0  main_1.o ABSOLUTE
    motor.c                                  0x00000000   Number         0  motor.o ABSOLUTE
    retarget_io.c                            0x00000000   Number         0  retarget_io.o ABSOLUTE
    startup_stm32f407xx.s                    0x00000000   Number         0  startup_stm32f407xx.o ABSOLUTE
    stm32f4xx_hal.c                          0x00000000   Number         0  stm32f4xx_hal.o ABSOLUTE
    stm32f4xx_hal_cortex.c                   0x00000000   Number         0  stm32f4xx_hal_cortex.o ABSOLUTE
    stm32f4xx_hal_dma.c                      0x00000000   Number         0  stm32f4xx_hal_dma.o ABSOLUTE
    stm32f4xx_hal_dma_ex.c                   0x00000000   Number         0  stm32f4xx_hal_dma_ex.o ABSOLUTE
    stm32f4xx_hal_exti.c                     0x00000000   Number         0  stm32f4xx_hal_exti.o ABSOLUTE
    stm32f4xx_hal_flash.c                    0x00000000   Number         0  stm32f4xx_hal_flash.o ABSOLUTE
    stm32f4xx_hal_flash_ex.c                 0x00000000   Number         0  stm32f4xx_hal_flash_ex.o ABSOLUTE
    stm32f4xx_hal_flash_ramfunc.c            0x00000000   Number         0  stm32f4xx_hal_flash_ramfunc.o ABSOLUTE
    stm32f4xx_hal_gpio.c                     0x00000000   Number         0  stm32f4xx_hal_gpio.o ABSOLUTE
    stm32f4xx_hal_msp.c                      0x00000000   Number         0  stm32f4xx_hal_msp_1.o ABSOLUTE
    stm32f4xx_hal_pwr.c                      0x00000000   Number         0  stm32f4xx_hal_pwr.o ABSOLUTE
    stm32f4xx_hal_pwr_ex.c                   0x00000000   Number         0  stm32f4xx_hal_pwr_ex.o ABSOLUTE
    stm32f4xx_hal_rcc.c                      0x00000000   Number         0  stm32f4xx_hal_rcc.o ABSOLUTE
    stm32f4xx_hal_rcc_ex.c                   0x00000000   Number         0  stm32f4xx_hal_rcc_ex.o ABSOLUTE
    stm32f4xx_hal_tim.c                      0x00000000   Number         0  stm32f4xx_hal_tim.o ABSOLUTE
    stm32f4xx_hal_tim_ex.c                   0x00000000   Number         0  stm32f4xx_hal_tim_ex.o ABSOLUTE
    stm32f4xx_it.c                           0x00000000   Number         0  stm32f4xx_it_1.o ABSOLUTE
    system_stm32f4xx.c                       0x00000000   Number         0  system_stm32f4xx.o ABSOLUTE
    tim.c                                    0x00000000   Number         0  tim_1.o ABSOLUTE
    timer.c                                  0x00000000   Number         0  timer.o ABSOLUTE
    RESET                                    0x08000000   Section      392  startup_stm32f407xx.o(RESET)
    .ARM.Collect$$$$00000000                 0x08000188   Section        0  entry.o(.ARM.Collect$$$$00000000)
    .ARM.Collect$$$$00000001                 0x08000188   Section        4  entry2.o(.ARM.Collect$$$$00000001)
    .ARM.Collect$$$$00000004                 0x0800018c   Section        4  entry5.o(.ARM.Collect$$$$00000004)
    .ARM.Collect$$$$00000008                 0x08000190   Section        0  entry7b.o(.ARM.Collect$$$$00000008)
    .ARM.Collect$$$$0000000A                 0x08000190   Section        0  entry8b.o(.ARM.Collect$$$$0000000A)
    .ARM.Collect$$$$0000000B                 0x08000190   Section        8  entry9a.o(.ARM.Collect$$$$0000000B)
    __lit__00000000                          0x08000198   Data           4  entry2.o(.ARM.Collect$$$$00002712)
    .ARM.Collect$$$$0000000D                 0x08000198   Section        0  entry10a.o(.ARM.Collect$$$$0000000D)
    .ARM.Collect$$$$0000000F                 0x08000198   Section        0  entry11a.o(.ARM.Collect$$$$0000000F)
    .ARM.Collect$$$$00002712                 0x08000198   Section        4  entry2.o(.ARM.Collect$$$$00002712)
    $v0                                      0x0800019c   Number         0  startup_stm32f407xx.o(.text)
    .text                                    0x0800019c   Section       36  startup_stm32f407xx.o(.text)
    .text                                    0x080001c0   Section        0  uldiv.o(.text)
    .text                                    0x08000222   Section        0  memseta.o(.text)
    .text                                    0x08000246   Section        0  llshl.o(.text)
    .text                                    0x08000264   Section        0  llushr.o(.text)
    .text                                    0x08000284   Section       36  init.o(.text)
    [Anonymous Symbol]                       0x080002a8   Section        0  stm32f4xx_it_1.o(.text.BusFault_Handler)
    [Anonymous Symbol]                       0x080002ac   Section        0  stm32f4xx_it_1.o(.text.DebugMon_Handler)
    [Anonymous Symbol]                       0x080002b0   Section        0  main_1.o(.text.Error_Handler)
    [Anonymous Symbol]                       0x080002bc   Section        0  stm32f4xx_hal_gpio.o(.text.HAL_GPIO_Init)
    [Anonymous Symbol]                       0x08000458   Section        0  stm32f4xx_hal.o(.text.HAL_GetTick)
    [Anonymous Symbol]                       0x08000464   Section        0  stm32f4xx_hal.o(.text.HAL_IncTick)
    [Anonymous Symbol]                       0x08000480   Section        0  stm32f4xx_hal.o(.text.HAL_Init)
    [Anonymous Symbol]                       0x080004b8   Section        0  stm32f4xx_hal.o(.text.HAL_InitTick)
    [Anonymous Symbol]                       0x08000508   Section        0  stm32f4xx_hal_msp_1.o(.text.HAL_MspInit)
    [Anonymous Symbol]                       0x08000548   Section        0  stm32f4xx_hal_cortex.o(.text.HAL_NVIC_EnableIRQ)
    [Anonymous Symbol]                       0x08000550   Section        0  stm32f4xx_hal_cortex.o(.text.HAL_NVIC_SetPriority)
    [Anonymous Symbol]                       0x08000570   Section        0  stm32f4xx_hal_cortex.o(.text.HAL_NVIC_SetPriorityGrouping)
    [Anonymous Symbol]                       0x08000578   Section        0  stm32f4xx_hal_rcc.o(.text.HAL_RCC_ClockConfig)
    [Anonymous Symbol]                       0x080006d8   Section        0  stm32f4xx_hal_rcc.o(.text.HAL_RCC_GetSysClockFreq)
    [Anonymous Symbol]                       0x08000744   Section        0  stm32f4xx_hal_rcc.o(.text.HAL_RCC_OscConfig)
    [Anonymous Symbol]                       0x08000a78   Section        0  stm32f4xx_hal_cortex.o(.text.HAL_SYSTICK_Config)
    [Anonymous Symbol]                       0x08000a80   Section        0  stm32f4xx_hal_tim_ex.o(.text.HAL_TIMEx_BreakCallback)
    [Anonymous Symbol]                       0x08000a84   Section        0  stm32f4xx_hal_tim_ex.o(.text.HAL_TIMEx_CommutCallback)
    [Anonymous Symbol]                       0x08000a88   Section        0  stm32f4xx_hal_tim_ex.o(.text.HAL_TIMEx_MasterConfigSynchronization)
    [Anonymous Symbol]                       0x08000b38   Section        0  stm32f4xx_hal_tim.o(.text.HAL_TIM_IC_CaptureCallback)
    [Anonymous Symbol]                       0x08000b3c   Section        0  stm32f4xx_hal_tim.o(.text.HAL_TIM_IRQHandler)
    [Anonymous Symbol]                       0x08000ca8   Section        0  tim_1.o(.text.HAL_TIM_MspPostInit)
    [Anonymous Symbol]                       0x08000d04   Section        0  stm32f4xx_hal_tim.o(.text.HAL_TIM_OC_DelayElapsedCallback)
    [Anonymous Symbol]                       0x08000d08   Section        0  stm32f4xx_hal_tim.o(.text.HAL_TIM_PWM_ConfigChannel)
    [Anonymous Symbol]                       0x08000da0   Section        0  stm32f4xx_hal_tim.o(.text.HAL_TIM_PWM_Init)
    [Anonymous Symbol]                       0x08000dd0   Section        0  tim_1.o(.text.HAL_TIM_PWM_MspInit)
    [Anonymous Symbol]                       0x08000e18   Section        0  stm32f4xx_hal_tim.o(.text.HAL_TIM_PWM_PulseFinishedCallback)
    [Anonymous Symbol]                       0x08000e1c   Section        0  stm32f4xx_hal_tim.o(.text.HAL_TIM_PeriodElapsedCallback)
    [Anonymous Symbol]                       0x08000e20   Section        0  stm32f4xx_hal_tim.o(.text.HAL_TIM_TriggerCallback)
    [Anonymous Symbol]                       0x08000e24   Section        0  stm32f4xx_it_1.o(.text.HardFault_Handler)
    [Anonymous Symbol]                       0x08000e28   Section        0  led.o(.text.LED_Init)
    [Anonymous Symbol]                       0x08000e50   Section        0  gpio_1.o(.text.MX_GPIO_Init)
    [Anonymous Symbol]                       0x08000f64   Section        0  tim_1.o(.text.MX_TIM4_Init)
    [Anonymous Symbol]                       0x08001010   Section        0  stm32f4xx_it_1.o(.text.MemManage_Handler)
    [Anonymous Symbol]                       0x08001014   Section        0  stm32f4xx_it_1.o(.text.NMI_Handler)
    NVIC_EncodePriority                      0x08001019   Thumb Code    44  stm32f4xx_hal_cortex.o(.text.NVIC_EncodePriority)
    [Anonymous Symbol]                       0x08001018   Section        0  stm32f4xx_hal_cortex.o(.text.NVIC_EncodePriority)
    [Anonymous Symbol]                       0x08001044   Section        0  stm32f4xx_it_1.o(.text.PendSV_Handler)
    [Anonymous Symbol]                       0x08001048   Section        0  stm32f4xx_it_1.o(.text.SVC_Handler)
    SysTick_Config                           0x0800104d   Thumb Code    46  stm32f4xx_hal_cortex.o(.text.SysTick_Config)
    [Anonymous Symbol]                       0x0800104c   Section        0  stm32f4xx_hal_cortex.o(.text.SysTick_Config)
    [Anonymous Symbol]                       0x0800107c   Section        0  stm32f4xx_it_1.o(.text.SysTick_Handler)
    [Anonymous Symbol]                       0x08001084   Section        0  main_1.o(.text.SystemClock_Config)
    [Anonymous Symbol]                       0x08001128   Section        0  system_stm32f4xx.o(.text.SystemInit)
    [Anonymous Symbol]                       0x08001144   Section        0  stm32f4xx_it_1.o(.text.TIM4_IRQHandler)
    [Anonymous Symbol]                       0x08001154   Section        0  stm32f4xx_hal_tim.o(.text.TIM_Base_SetConfig)
    TIM_OC1_SetConfig                        0x08001279   Thumb Code    96  stm32f4xx_hal_tim.o(.text.TIM_OC1_SetConfig)
    [Anonymous Symbol]                       0x08001278   Section        0  stm32f4xx_hal_tim.o(.text.TIM_OC1_SetConfig)
    [Anonymous Symbol]                       0x080012d8   Section        0  stm32f4xx_hal_tim.o(.text.TIM_OC2_SetConfig)
    TIM_OC3_SetConfig                        0x08001341   Thumb Code   104  stm32f4xx_hal_tim.o(.text.TIM_OC3_SetConfig)
    [Anonymous Symbol]                       0x08001340   Section        0  stm32f4xx_hal_tim.o(.text.TIM_OC3_SetConfig)
    TIM_OC4_SetConfig                        0x080013a9   Thumb Code    78  stm32f4xx_hal_tim.o(.text.TIM_OC4_SetConfig)
    [Anonymous Symbol]                       0x080013a8   Section        0  stm32f4xx_hal_tim.o(.text.TIM_OC4_SetConfig)
    [Anonymous Symbol]                       0x080013f8   Section        0  stm32f4xx_it_1.o(.text.UsageFault_Handler)
    __NVIC_EnableIRQ                         0x080013fd   Thumb Code    32  stm32f4xx_hal_cortex.o(.text.__NVIC_EnableIRQ)
    [Anonymous Symbol]                       0x080013fc   Section        0  stm32f4xx_hal_cortex.o(.text.__NVIC_EnableIRQ)
    __NVIC_GetPriorityGrouping               0x0800141d   Thumb Code    16  stm32f4xx_hal_cortex.o(.text.__NVIC_GetPriorityGrouping)
    [Anonymous Symbol]                       0x0800141c   Section        0  stm32f4xx_hal_cortex.o(.text.__NVIC_GetPriorityGrouping)
    __NVIC_SetPriority                       0x0800142d   Thumb Code    34  stm32f4xx_hal_cortex.o(.text.__NVIC_SetPriority)
    [Anonymous Symbol]                       0x0800142c   Section        0  stm32f4xx_hal_cortex.o(.text.__NVIC_SetPriority)
    __NVIC_SetPriorityGrouping               0x08001451   Thumb Code    32  stm32f4xx_hal_cortex.o(.text.__NVIC_SetPriorityGrouping)
    [Anonymous Symbol]                       0x08001450   Section        0  stm32f4xx_hal_cortex.o(.text.__NVIC_SetPriorityGrouping)
    [Anonymous Symbol]                       0x08001470   Section        0  main_1.o(.text.main)
    i.__scatterload_copy                     0x08001486   Section       14  handlers.o(i.__scatterload_copy)
    i.__scatterload_null                     0x08001494   Section        2  handlers.o(i.__scatterload_null)
    i.__scatterload_zeroinit                 0x08001496   Section       14  handlers.o(i.__scatterload_zeroinit)
    STACK                                    0x20000058   Section     1024  startup_stm32f407xx.o(STACK)

    Global Symbols

    Symbol Name                              Value     Ov Type        Size  Object(Section)

    BuildAttributes$$THM_ISAv4$E$P$D$K$B$S$7EM$VFPi3$EXTD16$VFPS$VFMA$PE$A:L22UL41UL21$X:L11$S22US41US21$IEEE1$IW$~IW$USESV6$~STKCKD$USESV7$WCHAR32$ENUMINT$~SHL$OTIME$EBA8$MICROLIB$REQ8$PRES8$EABIv2 0x00000000   Number         0  anon$$obj.o ABSOLUTE
    __cpp_initialize__aeabi_                  - Undefined Weak Reference
    __cxa_finalize                            - Undefined Weak Reference
    __decompress                              - Undefined Weak Reference
    _clock_init                               - Undefined Weak Reference
    _microlib_exit                            - Undefined Weak Reference
    __Vectors_Size                           0x00000188   Number         0  startup_stm32f407xx.o ABSOLUTE
    __Vectors                                0x08000000   Data           4  startup_stm32f407xx.o(RESET)
    __Vectors_End                            0x08000188   Data           0  startup_stm32f407xx.o(RESET)
    __main                                   0x08000189   Thumb Code     0  entry.o(.ARM.Collect$$$$00000000)
    _main_stk                                0x08000189   Thumb Code     0  entry2.o(.ARM.Collect$$$$00000001)
    _main_scatterload                        0x0800018d   Thumb Code     0  entry5.o(.ARM.Collect$$$$00000004)
    __main_after_scatterload                 0x08000191   Thumb Code     0  entry5.o(.ARM.Collect$$$$00000004)
    _main_clock                              0x08000191   Thumb Code     0  entry7b.o(.ARM.Collect$$$$00000008)
    _main_cpp_init                           0x08000191   Thumb Code     0  entry8b.o(.ARM.Collect$$$$0000000A)
    _main_init                               0x08000191   Thumb Code     0  entry9a.o(.ARM.Collect$$$$0000000B)
    __rt_final_cpp                           0x08000199   Thumb Code     0  entry10a.o(.ARM.Collect$$$$0000000D)
    __rt_final_exit                          0x08000199   Thumb Code     0  entry11a.o(.ARM.Collect$$$$0000000F)
    Reset_Handler                            0x0800019d   Thumb Code     8  startup_stm32f407xx.o(.text)
    ADC_IRQHandler                           0x080001b7   Thumb Code     0  startup_stm32f407xx.o(.text)
    CAN1_RX0_IRQHandler                      0x080001b7   Thumb Code     0  startup_stm32f407xx.o(.text)
    CAN1_RX1_IRQHandler                      0x080001b7   Thumb Code     0  startup_stm32f407xx.o(.text)
    CAN1_SCE_IRQHandler                      0x080001b7   Thumb Code     0  startup_stm32f407xx.o(.text)
    CAN1_TX_IRQHandler                       0x080001b7   Thumb Code     0  startup_stm32f407xx.o(.text)
    CAN2_RX0_IRQHandler                      0x080001b7   Thumb Code     0  startup_stm32f407xx.o(.text)
    CAN2_RX1_IRQHandler                      0x080001b7   Thumb Code     0  startup_stm32f407xx.o(.text)
    CAN2_SCE_IRQHandler                      0x080001b7   Thumb Code     0  startup_stm32f407xx.o(.text)
    CAN2_TX_IRQHandler                       0x080001b7   Thumb Code     0  startup_stm32f407xx.o(.text)
    DCMI_IRQHandler                          0x080001b7   Thumb Code     0  startup_stm32f407xx.o(.text)
    DMA1_Stream0_IRQHandler                  0x080001b7   Thumb Code     0  startup_stm32f407xx.o(.text)
    DMA1_Stream1_IRQHandler                  0x080001b7   Thumb Code     0  startup_stm32f407xx.o(.text)
    DMA1_Stream2_IRQHandler                  0x080001b7   Thumb Code     0  startup_stm32f407xx.o(.text)
    DMA1_Stream3_IRQHandler                  0x080001b7   Thumb Code     0  startup_stm32f407xx.o(.text)
    DMA1_Stream4_IRQHandler                  0x080001b7   Thumb Code     0  startup_stm32f407xx.o(.text)
    DMA1_Stream5_IRQHandler                  0x080001b7   Thumb Code     0  startup_stm32f407xx.o(.text)
    DMA1_Stream6_IRQHandler                  0x080001b7   Thumb Code     0  startup_stm32f407xx.o(.text)
    DMA1_Stream7_IRQHandler                  0x080001b7   Thumb Code     0  startup_stm32f407xx.o(.text)
    DMA2_Stream0_IRQHandler                  0x080001b7   Thumb Code     0  startup_stm32f407xx.o(.text)
    DMA2_Stream1_IRQHandler                  0x080001b7   Thumb Code     0  startup_stm32f407xx.o(.text)
    DMA2_Stream2_IRQHandler                  0x080001b7   Thumb Code     0  startup_stm32f407xx.o(.text)
    DMA2_Stream3_IRQHandler                  0x080001b7   Thumb Code     0  startup_stm32f407xx.o(.text)
    DMA2_Stream4_IRQHandler                  0x080001b7   Thumb Code     0  startup_stm32f407xx.o(.text)
    DMA2_Stream5_IRQHandler                  0x080001b7   Thumb Code     0  startup_stm32f407xx.o(.text)
    DMA2_Stream6_IRQHandler                  0x080001b7   Thumb Code     0  startup_stm32f407xx.o(.text)
    DMA2_Stream7_IRQHandler                  0x080001b7   Thumb Code     0  startup_stm32f407xx.o(.text)
    ETH_IRQHandler                           0x080001b7   Thumb Code     0  startup_stm32f407xx.o(.text)
    ETH_WKUP_IRQHandler                      0x080001b7   Thumb Code     0  startup_stm32f407xx.o(.text)
    EXTI0_IRQHandler                         0x080001b7   Thumb Code     0  startup_stm32f407xx.o(.text)
    EXTI15_10_IRQHandler                     0x080001b7   Thumb Code     0  startup_stm32f407xx.o(.text)
    EXTI1_IRQHandler                         0x080001b7   Thumb Code     0  startup_stm32f407xx.o(.text)
    EXTI2_IRQHandler                         0x080001b7   Thumb Code     0  startup_stm32f407xx.o(.text)
    EXTI3_IRQHandler                         0x080001b7   Thumb Code     0  startup_stm32f407xx.o(.text)
    EXTI4_IRQHandler                         0x080001b7   Thumb Code     0  startup_stm32f407xx.o(.text)
    EXTI9_5_IRQHandler                       0x080001b7   Thumb Code     0  startup_stm32f407xx.o(.text)
    FLASH_IRQHandler                         0x080001b7   Thumb Code     0  startup_stm32f407xx.o(.text)
    FMC_IRQHandler                           0x080001b7   Thumb Code     0  startup_stm32f407xx.o(.text)
    FPU_IRQHandler                           0x080001b7   Thumb Code     0  startup_stm32f407xx.o(.text)
    HASH_RNG_IRQHandler                      0x080001b7   Thumb Code     0  startup_stm32f407xx.o(.text)
    I2C1_ER_IRQHandler                       0x080001b7   Thumb Code     0  startup_stm32f407xx.o(.text)
    I2C1_EV_IRQHandler                       0x080001b7   Thumb Code     0  startup_stm32f407xx.o(.text)
    I2C2_ER_IRQHandler                       0x080001b7   Thumb Code     0  startup_stm32f407xx.o(.text)
    I2C2_EV_IRQHandler                       0x080001b7   Thumb Code     0  startup_stm32f407xx.o(.text)
    I2C3_ER_IRQHandler                       0x080001b7   Thumb Code     0  startup_stm32f407xx.o(.text)
    I2C3_EV_IRQHandler                       0x080001b7   Thumb Code     0  startup_stm32f407xx.o(.text)
    OTG_FS_IRQHandler                        0x080001b7   Thumb Code     0  startup_stm32f407xx.o(.text)
    OTG_FS_WKUP_IRQHandler                   0x080001b7   Thumb Code     0  startup_stm32f407xx.o(.text)
    OTG_HS_EP1_IN_IRQHandler                 0x080001b7   Thumb Code     0  startup_stm32f407xx.o(.text)
    OTG_HS_EP1_OUT_IRQHandler                0x080001b7   Thumb Code     0  startup_stm32f407xx.o(.text)
    OTG_HS_IRQHandler                        0x080001b7   Thumb Code     0  startup_stm32f407xx.o(.text)
    OTG_HS_WKUP_IRQHandler                   0x080001b7   Thumb Code     0  startup_stm32f407xx.o(.text)
    PVD_IRQHandler                           0x080001b7   Thumb Code     0  startup_stm32f407xx.o(.text)
    RCC_IRQHandler                           0x080001b7   Thumb Code     0  startup_stm32f407xx.o(.text)
    RTC_Alarm_IRQHandler                     0x080001b7   Thumb Code     0  startup_stm32f407xx.o(.text)
    RTC_WKUP_IRQHandler                      0x080001b7   Thumb Code     0  startup_stm32f407xx.o(.text)
    SDIO_IRQHandler                          0x080001b7   Thumb Code     0  startup_stm32f407xx.o(.text)
    SPI1_IRQHandler                          0x080001b7   Thumb Code     0  startup_stm32f407xx.o(.text)
    SPI2_IRQHandler                          0x080001b7   Thumb Code     0  startup_stm32f407xx.o(.text)
    SPI3_IRQHandler                          0x080001b7   Thumb Code     0  startup_stm32f407xx.o(.text)
    TAMP_STAMP_IRQHandler                    0x080001b7   Thumb Code     0  startup_stm32f407xx.o(.text)
    TIM1_BRK_TIM9_IRQHandler                 0x080001b7   Thumb Code     0  startup_stm32f407xx.o(.text)
    TIM1_CC_IRQHandler                       0x080001b7   Thumb Code     0  startup_stm32f407xx.o(.text)
    TIM1_TRG_COM_TIM11_IRQHandler            0x080001b7   Thumb Code     0  startup_stm32f407xx.o(.text)
    TIM1_UP_TIM10_IRQHandler                 0x080001b7   Thumb Code     0  startup_stm32f407xx.o(.text)
    TIM2_IRQHandler                          0x080001b7   Thumb Code     0  startup_stm32f407xx.o(.text)
    TIM3_IRQHandler                          0x080001b7   Thumb Code     0  startup_stm32f407xx.o(.text)
    TIM5_IRQHandler                          0x080001b7   Thumb Code     0  startup_stm32f407xx.o(.text)
    TIM6_DAC_IRQHandler                      0x080001b7   Thumb Code     0  startup_stm32f407xx.o(.text)
    TIM7_IRQHandler                          0x080001b7   Thumb Code     0  startup_stm32f407xx.o(.text)
    TIM8_BRK_TIM12_IRQHandler                0x080001b7   Thumb Code     0  startup_stm32f407xx.o(.text)
    TIM8_CC_IRQHandler                       0x080001b7   Thumb Code     0  startup_stm32f407xx.o(.text)
    TIM8_TRG_COM_TIM14_IRQHandler            0x080001b7   Thumb Code     0  startup_stm32f407xx.o(.text)
    TIM8_UP_TIM13_IRQHandler                 0x080001b7   Thumb Code     0  startup_stm32f407xx.o(.text)
    UART4_IRQHandler                         0x080001b7   Thumb Code     0  startup_stm32f407xx.o(.text)
    UART5_IRQHandler                         0x080001b7   Thumb Code     0  startup_stm32f407xx.o(.text)
    USART1_IRQHandler                        0x080001b7   Thumb Code     0  startup_stm32f407xx.o(.text)
    USART2_IRQHandler                        0x080001b7   Thumb Code     0  startup_stm32f407xx.o(.text)
    USART3_IRQHandler                        0x080001b7   Thumb Code     0  startup_stm32f407xx.o(.text)
    USART6_IRQHandler                        0x080001b7   Thumb Code     0  startup_stm32f407xx.o(.text)
    WWDG_IRQHandler                          0x080001b7   Thumb Code     0  startup_stm32f407xx.o(.text)
    __aeabi_uldivmod                         0x080001c1   Thumb Code    98  uldiv.o(.text)
    __aeabi_memset                           0x08000223   Thumb Code    14  memseta.o(.text)
    __aeabi_memset4                          0x08000223   Thumb Code     0  memseta.o(.text)
    __aeabi_memset8                          0x08000223   Thumb Code     0  memseta.o(.text)
    __aeabi_memclr                           0x08000231   Thumb Code     4  memseta.o(.text)
    __aeabi_memclr4                          0x08000231   Thumb Code     0  memseta.o(.text)
    __aeabi_memclr8                          0x08000231   Thumb Code     0  memseta.o(.text)
    _memset$wrapper                          0x08000235   Thumb Code    18  memseta.o(.text)
    __aeabi_llsl                             0x08000247   Thumb Code    30  llshl.o(.text)
    _ll_shift_l                              0x08000247   Thumb Code     0  llshl.o(.text)
    __aeabi_llsr                             0x08000265   Thumb Code    32  llushr.o(.text)
    _ll_ushift_r                             0x08000265   Thumb Code     0  llushr.o(.text)
    __scatterload                            0x08000285   Thumb Code    28  init.o(.text)
    __scatterload_rt2                        0x08000285   Thumb Code     0  init.o(.text)
    BusFault_Handler                         0x080002a9   Thumb Code     2  stm32f4xx_it_1.o(.text.BusFault_Handler)
    DebugMon_Handler                         0x080002ad   Thumb Code     2  stm32f4xx_it_1.o(.text.DebugMon_Handler)
    Error_Handler                            0x080002b1   Thumb Code    10  main_1.o(.text.Error_Handler)
    HAL_GPIO_Init                            0x080002bd   Thumb Code   412  stm32f4xx_hal_gpio.o(.text.HAL_GPIO_Init)
    HAL_GetTick                              0x08000459   Thumb Code    12  stm32f4xx_hal.o(.text.HAL_GetTick)
    HAL_IncTick                              0x08000465   Thumb Code    26  stm32f4xx_hal.o(.text.HAL_IncTick)
    HAL_Init                                 0x08000481   Thumb Code    54  stm32f4xx_hal.o(.text.HAL_Init)
    HAL_InitTick                             0x080004b9   Thumb Code    80  stm32f4xx_hal.o(.text.HAL_InitTick)
    HAL_MspInit                              0x08000509   Thumb Code    64  stm32f4xx_hal_msp_1.o(.text.HAL_MspInit)
    HAL_NVIC_EnableIRQ                       0x08000549   Thumb Code     8  stm32f4xx_hal_cortex.o(.text.HAL_NVIC_EnableIRQ)
    HAL_NVIC_SetPriority                     0x08000551   Thumb Code    30  stm32f4xx_hal_cortex.o(.text.HAL_NVIC_SetPriority)
    HAL_NVIC_SetPriorityGrouping             0x08000571   Thumb Code     8  stm32f4xx_hal_cortex.o(.text.HAL_NVIC_SetPriorityGrouping)
    HAL_RCC_ClockConfig                      0x08000579   Thumb Code   352  stm32f4xx_hal_rcc.o(.text.HAL_RCC_ClockConfig)
    HAL_RCC_GetSysClockFreq                  0x080006d9   Thumb Code   106  stm32f4xx_hal_rcc.o(.text.HAL_RCC_GetSysClockFreq)
    HAL_RCC_OscConfig                        0x08000745   Thumb Code   820  stm32f4xx_hal_rcc.o(.text.HAL_RCC_OscConfig)
    HAL_SYSTICK_Config                       0x08000a79   Thumb Code     8  stm32f4xx_hal_cortex.o(.text.HAL_SYSTICK_Config)
    HAL_TIMEx_BreakCallback                  0x08000a81   Thumb Code     2  stm32f4xx_hal_tim_ex.o(.text.HAL_TIMEx_BreakCallback)
    HAL_TIMEx_CommutCallback                 0x08000a85   Thumb Code     2  stm32f4xx_hal_tim_ex.o(.text.HAL_TIMEx_CommutCallback)
    HAL_TIMEx_MasterConfigSynchronization    0x08000a89   Thumb Code   174  stm32f4xx_hal_tim_ex.o(.text.HAL_TIMEx_MasterConfigSynchronization)
    HAL_TIM_IC_CaptureCallback               0x08000b39   Thumb Code     2  stm32f4xx_hal_tim.o(.text.HAL_TIM_IC_CaptureCallback)
    HAL_TIM_IRQHandler                       0x08000b3d   Thumb Code   362  stm32f4xx_hal_tim.o(.text.HAL_TIM_IRQHandler)
    HAL_TIM_MspPostInit                      0x08000ca9   Thumb Code    92  tim_1.o(.text.HAL_TIM_MspPostInit)
    HAL_TIM_OC_DelayElapsedCallback          0x08000d05   Thumb Code     2  stm32f4xx_hal_tim.o(.text.HAL_TIM_OC_DelayElapsedCallback)
    HAL_TIM_PWM_ConfigChannel                0x08000d09   Thumb Code   150  stm32f4xx_hal_tim.o(.text.HAL_TIM_PWM_ConfigChannel)
    HAL_TIM_PWM_Init                         0x08000da1   Thumb Code    46  stm32f4xx_hal_tim.o(.text.HAL_TIM_PWM_Init)
    HAL_TIM_PWM_MspInit                      0x08000dd1   Thumb Code    72  tim_1.o(.text.HAL_TIM_PWM_MspInit)
    HAL_TIM_PWM_PulseFinishedCallback        0x08000e19   Thumb Code     2  stm32f4xx_hal_tim.o(.text.HAL_TIM_PWM_PulseFinishedCallback)
    HAL_TIM_PeriodElapsedCallback            0x08000e1d   Thumb Code     2  stm32f4xx_hal_tim.o(.text.HAL_TIM_PeriodElapsedCallback)
    HAL_TIM_TriggerCallback                  0x08000e21   Thumb Code     2  stm32f4xx_hal_tim.o(.text.HAL_TIM_TriggerCallback)
    HardFault_Handler                        0x08000e25   Thumb Code     2  stm32f4xx_it_1.o(.text.HardFault_Handler)
    LED_Init                                 0x08000e29   Thumb Code    38  led.o(.text.LED_Init)
    MX_GPIO_Init                             0x08000e51   Thumb Code   276  gpio_1.o(.text.MX_GPIO_Init)
    MX_TIM4_Init                             0x08000f65   Thumb Code   172  tim_1.o(.text.MX_TIM4_Init)
    MemManage_Handler                        0x08001011   Thumb Code     2  stm32f4xx_it_1.o(.text.MemManage_Handler)
    NMI_Handler                              0x08001015   Thumb Code     2  stm32f4xx_it_1.o(.text.NMI_Handler)
    PendSV_Handler                           0x08001045   Thumb Code     2  stm32f4xx_it_1.o(.text.PendSV_Handler)
    SVC_Handler                              0x08001049   Thumb Code     2  stm32f4xx_it_1.o(.text.SVC_Handler)
    SysTick_Handler                          0x0800107d   Thumb Code     8  stm32f4xx_it_1.o(.text.SysTick_Handler)
    SystemClock_Config                       0x08001085   Thumb Code   162  main_1.o(.text.SystemClock_Config)
    SystemInit                               0x08001129   Thumb Code    26  system_stm32f4xx.o(.text.SystemInit)
    TIM4_IRQHandler                          0x08001145   Thumb Code    16  stm32f4xx_it_1.o(.text.TIM4_IRQHandler)
    TIM_Base_SetConfig                       0x08001155   Thumb Code   292  stm32f4xx_hal_tim.o(.text.TIM_Base_SetConfig)
    TIM_OC2_SetConfig                        0x080012d9   Thumb Code   104  stm32f4xx_hal_tim.o(.text.TIM_OC2_SetConfig)
    UsageFault_Handler                       0x080013f9   Thumb Code     2  stm32f4xx_it_1.o(.text.UsageFault_Handler)
    main                                     0x08001471   Thumb Code    22  main_1.o(.text.main)
    __scatterload_copy                       0x08001487   Thumb Code    14  handlers.o(i.__scatterload_copy)
    __scatterload_null                       0x08001495   Thumb Code     2  handlers.o(i.__scatterload_null)
    __scatterload_zeroinit                   0x08001497   Thumb Code    14  handlers.o(i.__scatterload_zeroinit)
    AHBPrescTable                            0x080014a4   Data          16  system_stm32f4xx.o(.rodata.AHBPrescTable)
    Region$$Table$$Base                      0x080014b4   Number         0  anon$$obj.o(Region$$Table)
    Region$$Table$$Limit                     0x080014d4   Number         0  anon$$obj.o(Region$$Table)
    SystemCoreClock                          0x20000000   Data           4  system_stm32f4xx.o(.data.SystemCoreClock)
    uwTickFreq                               0x20000004   Data           4  stm32f4xx_hal.o(.data.uwTickFreq)
    uwTickPrio                               0x20000008   Data           4  stm32f4xx_hal.o(.data.uwTickPrio)
    htim4                                    0x20000010   Data          68  tim_1.o(.bss.htim4)
    uwTick                                   0x20000054   Data           4  stm32f4xx_hal.o(.bss.uwTick)
    __initial_sp                             0x20000458   Data           0  startup_stm32f407xx.o(STACK)



==============================================================================

Memory Map of the image

  Image Entry point : 0x08000189

  Load Region LR_IROM1 (Base: 0x08000000, Size: 0x000014e8, Max: 0x00100000, ABSOLUTE)

    Execution Region ER_IROM1 (Exec base: 0x08000000, Load base: 0x08000000, Size: 0x000014d4, Max: 0x00100000, ABSOLUTE)

    Exec Addr    Load Addr    Size         Type   Attr      Idx    E Section Name        Object

    0x08000000   0x08000000   0x00000188   Data   RO            3    RESET               startup_stm32f407xx.o
    0x08000188   0x08000188   0x00000000   Code   RO          927  * .ARM.Collect$$$$00000000  mc_w.l(entry.o)
    0x08000188   0x08000188   0x00000004   Code   RO          945    .ARM.Collect$$$$00000001  mc_w.l(entry2.o)
    0x0800018c   0x0800018c   0x00000004   Code   RO          948    .ARM.Collect$$$$00000004  mc_w.l(entry5.o)
    0x08000190   0x08000190   0x00000000   Code   RO          950    .ARM.Collect$$$$00000008  mc_w.l(entry7b.o)
    0x08000190   0x08000190   0x00000000   Code   RO          952    .ARM.Collect$$$$0000000A  mc_w.l(entry8b.o)
    0x08000190   0x08000190   0x00000008   Code   RO          953    .ARM.Collect$$$$0000000B  mc_w.l(entry9a.o)
    0x08000198   0x08000198   0x00000000   Code   RO          955    .ARM.Collect$$$$0000000D  mc_w.l(entry10a.o)
    0x08000198   0x08000198   0x00000000   Code   RO          957    .ARM.Collect$$$$0000000F  mc_w.l(entry11a.o)
    0x08000198   0x08000198   0x00000004   Code   RO          946    .ARM.Collect$$$$00002712  mc_w.l(entry2.o)
    0x0800019c   0x0800019c   0x00000024   Code   RO            4    .text               startup_stm32f407xx.o
    0x080001c0   0x080001c0   0x00000062   Code   RO          941    .text               mc_w.l(uldiv.o)
    0x08000222   0x08000222   0x00000024   Code   RO          943    .text               mc_w.l(memseta.o)
    0x08000246   0x08000246   0x0000001e   Code   RO          959    .text               mc_w.l(llshl.o)
    0x08000264   0x08000264   0x00000020   Code   RO          961    .text               mc_w.l(llushr.o)
    0x08000284   0x08000284   0x00000024   Code   RO          963    .text               mc_w.l(init.o)
    0x080002a8   0x080002a8   0x00000002   Code   RO          868    .text.BusFault_Handler  stm32f4xx_it_1.o
    0x080002aa   0x080002aa   0x00000002   PAD
    0x080002ac   0x080002ac   0x00000002   Code   RO          874    .text.DebugMon_Handler  stm32f4xx_it_1.o
    0x080002ae   0x080002ae   0x00000002   PAD
    0x080002b0   0x080002b0   0x0000000a   Code   RO          825    .text.Error_Handler  main_1.o
    0x080002ba   0x080002ba   0x00000002   PAD
    0x080002bc   0x080002bc   0x0000019c   Code   RO          473    .text.HAL_GPIO_Init  stm32f4xx_hal_gpio.o
    0x08000458   0x08000458   0x0000000c   Code   RO          697    .text.HAL_GetTick   stm32f4xx_hal.o
    0x08000464   0x08000464   0x0000001a   Code   RO          695    .text.HAL_IncTick   stm32f4xx_hal.o
    0x0800047e   0x0800047e   0x00000002   PAD
    0x08000480   0x08000480   0x00000036   Code   RO          685    .text.HAL_Init      stm32f4xx_hal.o
    0x080004b6   0x080004b6   0x00000002   PAD
    0x080004b8   0x080004b8   0x00000050   Code   RO          687    .text.HAL_InitTick  stm32f4xx_hal.o
    0x08000508   0x08000508   0x00000040   Code   RO          889    .text.HAL_MspInit   stm32f4xx_hal_msp_1.o
    0x08000548   0x08000548   0x00000008   Code   RO          625    .text.HAL_NVIC_EnableIRQ  stm32f4xx_hal_cortex.o
    0x08000550   0x08000550   0x0000001e   Code   RO          617    .text.HAL_NVIC_SetPriority  stm32f4xx_hal_cortex.o
    0x0800056e   0x0800056e   0x00000002   PAD
    0x08000570   0x08000570   0x00000008   Code   RO          613    .text.HAL_NVIC_SetPriorityGrouping  stm32f4xx_hal_cortex.o
    0x08000578   0x08000578   0x00000160   Code   RO          337    .text.HAL_RCC_ClockConfig  stm32f4xx_hal_rcc.o
    0x080006d8   0x080006d8   0x0000006a   Code   RO          339    .text.HAL_RCC_GetSysClockFreq  stm32f4xx_hal_rcc.o
    0x08000742   0x08000742   0x00000002   PAD
    0x08000744   0x08000744   0x00000334   Code   RO          335    .text.HAL_RCC_OscConfig  stm32f4xx_hal_rcc.o
    0x08000a78   0x08000a78   0x00000008   Code   RO          637    .text.HAL_SYSTICK_Config  stm32f4xx_hal_cortex.o
    0x08000a80   0x08000a80   0x00000002   Code   RO          321    .text.HAL_TIMEx_BreakCallback  stm32f4xx_hal_tim_ex.o
    0x08000a82   0x08000a82   0x00000002   PAD
    0x08000a84   0x08000a84   0x00000002   Code   RO          317    .text.HAL_TIMEx_CommutCallback  stm32f4xx_hal_tim_ex.o
    0x08000a86   0x08000a86   0x00000002   PAD
    0x08000a88   0x08000a88   0x000000ae   Code   RO          311    .text.HAL_TIMEx_MasterConfigSynchronization  stm32f4xx_hal_tim_ex.o
    0x08000b36   0x08000b36   0x00000002   PAD
    0x08000b38   0x08000b38   0x00000002   Code   RO          147    .text.HAL_TIM_IC_CaptureCallback  stm32f4xx_hal_tim.o
    0x08000b3a   0x08000b3a   0x00000002   PAD
    0x08000b3c   0x08000b3c   0x0000016a   Code   RO          145    .text.HAL_TIM_IRQHandler  stm32f4xx_hal_tim.o
    0x08000ca6   0x08000ca6   0x00000002   PAD
    0x08000ca8   0x08000ca8   0x0000005c   Code   RO          847    .text.HAL_TIM_MspPostInit  tim_1.o
    0x08000d04   0x08000d04   0x00000002   Code   RO          149    .text.HAL_TIM_OC_DelayElapsedCallback  stm32f4xx_hal_tim.o
    0x08000d06   0x08000d06   0x00000002   PAD
    0x08000d08   0x08000d08   0x00000096   Code   RO          177    .text.HAL_TIM_PWM_ConfigChannel  stm32f4xx_hal_tim.o
    0x08000d9e   0x08000d9e   0x00000002   PAD
    0x08000da0   0x08000da0   0x0000002e   Code   RO           65    .text.HAL_TIM_PWM_Init  stm32f4xx_hal_tim.o
    0x08000dce   0x08000dce   0x00000002   PAD
    0x08000dd0   0x08000dd0   0x00000048   Code   RO          849    .text.HAL_TIM_PWM_MspInit  tim_1.o
    0x08000e18   0x08000e18   0x00000002   Code   RO          151    .text.HAL_TIM_PWM_PulseFinishedCallback  stm32f4xx_hal_tim.o
    0x08000e1a   0x08000e1a   0x00000002   PAD
    0x08000e1c   0x08000e1c   0x00000002   Code   RO          153    .text.HAL_TIM_PeriodElapsedCallback  stm32f4xx_hal_tim.o
    0x08000e1e   0x08000e1e   0x00000002   PAD
    0x08000e20   0x08000e20   0x00000002   Code   RO          155    .text.HAL_TIM_TriggerCallback  stm32f4xx_hal_tim.o
    0x08000e22   0x08000e22   0x00000002   PAD
    0x08000e24   0x08000e24   0x00000002   Code   RO          864    .text.HardFault_Handler  stm32f4xx_it_1.o
    0x08000e26   0x08000e26   0x00000002   PAD
    0x08000e28   0x08000e28   0x00000026   Code   RO          800    .text.LED_Init      led.o
    0x08000e4e   0x08000e4e   0x00000002   PAD
    0x08000e50   0x08000e50   0x00000114   Code   RO          836    .text.MX_GPIO_Init  gpio_1.o
    0x08000f64   0x08000f64   0x000000ac   Code   RO          845    .text.MX_TIM4_Init  tim_1.o
    0x08001010   0x08001010   0x00000002   Code   RO          866    .text.MemManage_Handler  stm32f4xx_it_1.o
    0x08001012   0x08001012   0x00000002   PAD
    0x08001014   0x08001014   0x00000002   Code   RO          862    .text.NMI_Handler   stm32f4xx_it_1.o
    0x08001016   0x08001016   0x00000002   PAD
    0x08001018   0x08001018   0x0000002c   Code   RO          623    .text.NVIC_EncodePriority  stm32f4xx_hal_cortex.o
    0x08001044   0x08001044   0x00000002   Code   RO          876    .text.PendSV_Handler  stm32f4xx_it_1.o
    0x08001046   0x08001046   0x00000002   PAD
    0x08001048   0x08001048   0x00000002   Code   RO          872    .text.SVC_Handler   stm32f4xx_it_1.o
    0x0800104a   0x0800104a   0x00000002   PAD
    0x0800104c   0x0800104c   0x0000002e   Code   RO          639    .text.SysTick_Config  stm32f4xx_hal_cortex.o
    0x0800107a   0x0800107a   0x00000002   PAD
    0x0800107c   0x0800107c   0x00000008   Code   RO          878    .text.SysTick_Handler  stm32f4xx_it_1.o
    0x08001084   0x08001084   0x000000a2   Code   RO          823    .text.SystemClock_Config  main_1.o
    0x08001126   0x08001126   0x00000002   PAD
    0x08001128   0x08001128   0x0000001a   Code   RO          776    .text.SystemInit    system_stm32f4xx.o
    0x08001142   0x08001142   0x00000002   PAD
    0x08001144   0x08001144   0x00000010   Code   RO          880    .text.TIM4_IRQHandler  stm32f4xx_it_1.o
    0x08001154   0x08001154   0x00000124   Code   RO           15    .text.TIM_Base_SetConfig  stm32f4xx_hal_tim.o
    0x08001278   0x08001278   0x00000060   Code   RO          159    .text.TIM_OC1_SetConfig  stm32f4xx_hal_tim.o
    0x080012d8   0x080012d8   0x00000068   Code   RO          161    .text.TIM_OC2_SetConfig  stm32f4xx_hal_tim.o
    0x08001340   0x08001340   0x00000068   Code   RO          163    .text.TIM_OC3_SetConfig  stm32f4xx_hal_tim.o
    0x080013a8   0x080013a8   0x0000004e   Code   RO          165    .text.TIM_OC4_SetConfig  stm32f4xx_hal_tim.o
    0x080013f6   0x080013f6   0x00000002   PAD
    0x080013f8   0x080013f8   0x00000002   Code   RO          870    .text.UsageFault_Handler  stm32f4xx_it_1.o
    0x080013fa   0x080013fa   0x00000002   PAD
    0x080013fc   0x080013fc   0x00000020   Code   RO          627    .text.__NVIC_EnableIRQ  stm32f4xx_hal_cortex.o
    0x0800141c   0x0800141c   0x00000010   Code   RO          619    .text.__NVIC_GetPriorityGrouping  stm32f4xx_hal_cortex.o
    0x0800142c   0x0800142c   0x00000022   Code   RO          621    .text.__NVIC_SetPriority  stm32f4xx_hal_cortex.o
    0x0800144e   0x0800144e   0x00000002   PAD
    0x08001450   0x08001450   0x00000020   Code   RO          615    .text.__NVIC_SetPriorityGrouping  stm32f4xx_hal_cortex.o
    0x08001470   0x08001470   0x00000016   Code   RO          821    .text.main          main_1.o
    0x08001486   0x08001486   0x0000000e   Code   RO          967    i.__scatterload_copy  mc_w.l(handlers.o)
    0x08001494   0x08001494   0x00000002   Code   RO          968    i.__scatterload_null  mc_w.l(handlers.o)
    0x08001496   0x08001496   0x0000000e   Code   RO          969    i.__scatterload_zeroinit  mc_w.l(handlers.o)
    0x080014a4   0x080014a4   0x00000010   Data   RO          781    .rodata.AHBPrescTable  system_stm32f4xx.o
    0x080014b4   0x080014b4   0x00000020   Data   RO          966    Region$$Table       anon$$obj.o


    Execution Region RW_IRAM2 (Exec base: 0x10000000, Load base: 0x080014e8, Size: 0x00000000, Max: 0x00010000, ABSOLUTE)

    **** No section assigned to this execution region ****


    Execution Region RW_IRAM1 (Exec base: 0x20000000, Load base: 0x080014d8, Size: 0x00000458, Max: 0x00020000, ABSOLUTE)

    Exec Addr    Load Addr    Size         Type   Attr      Idx    E Section Name        Object

    0x20000000   0x080014d8   0x00000004   Data   RW          780    .data.SystemCoreClock  system_stm32f4xx.o
    0x20000004   0x080014dc   0x00000004   Data   RW          740    .data.uwTickFreq    stm32f4xx_hal.o
    0x20000008   0x080014e0   0x00000004   Data   RW          739    .data.uwTickPrio    stm32f4xx_hal.o
    0x2000000c   0x080014e4   0x00000004   PAD
    0x20000010        -       0x00000044   Zero   RW          853    .bss.htim4          tim_1.o
    0x20000054        -       0x00000004   Zero   RW          741    .bss.uwTick         stm32f4xx_hal.o
    0x20000058        -       0x00000400   Zero   RW            1    STACK               startup_stm32f407xx.o


==============================================================================

Image component sizes


      Code (inc. data)   RO Data    RW Data    ZI Data      Debug   Object Name

       276          0          0          0          0       2160   gpio_1.o
        38          0          0          0          0       1454   led.o
       194          0          0          0          0       2901   main_1.o
        36          8        392          0       1024        848   startup_stm32f407xx.o
       172          0          0          8          4       7301   stm32f4xx_hal.o
       258          0          0          0          0      10681   stm32f4xx_hal_cortex.o
       412          0          0          0          0       5150   stm32f4xx_hal_gpio.o
        64          0          0          0          0       1469   stm32f4xx_hal_msp_1.o
      1278          0          0          0          0       7316   stm32f4xx_hal_rcc.o
      1242          4          0          0          0      38248   stm32f4xx_hal_tim.o
       178          0          0          0          0      14859   stm32f4xx_hal_tim_ex.o
        40          0          0          0          0       1133   stm32f4xx_it_1.o
        26          0         16          4          0       2628   system_stm32f4xx.o
       336          0          0          0         68       7416   tim_1.o

    ----------------------------------------------------------------------
      4610         12        440         12       1100     103564   Object Totals
         0          0         32          0          0          0   (incl. Generated)
        60          0          0          0          4          0   (incl. Padding)

    ----------------------------------------------------------------------

      Code (inc. data)   RO Data    RW Data    ZI Data      Debug   Library Member Name

         0          0          0          0          0          0   entry.o
         0          0          0          0          0          0   entry10a.o
         0          0          0          0          0          0   entry11a.o
         8          4          0          0          0          0   entry2.o
         4          0          0          0          0          0   entry5.o
         0          0          0          0          0          0   entry7b.o
         0          0          0          0          0          0   entry8b.o
         8          4          0          0          0          0   entry9a.o
        30          0          0          0          0          0   handlers.o
        36          8          0          0          0         68   init.o
        30          0          0          0          0         68   llshl.o
        32          0          0          0          0         68   llushr.o
        36          0          0          0          0        108   memseta.o
        98          0          0          0          0         92   uldiv.o

    ----------------------------------------------------------------------
       282         16          0          0          0        404   Library Totals
         0          0          0          0          0          0   (incl. Padding)

    ----------------------------------------------------------------------

      Code (inc. data)   RO Data    RW Data    ZI Data      Debug   Library Name

       282         16          0          0          0        404   mc_w.l

    ----------------------------------------------------------------------
       282         16          0          0          0        404   Library Totals

    ----------------------------------------------------------------------

==============================================================================


      Code (inc. data)   RO Data    RW Data    ZI Data      Debug   

      4892         28        440         12       1100     103876   Grand Totals
      4892         28        440         12       1100     103876   ELF Image Totals
      4892         28        440         12          0          0   ROM Totals

==============================================================================

    Total RO  Size (Code + RO Data)                 5332 (   5.21kB)
    Total RW  Size (RW Data + ZI Data)              1112 (   1.09kB)
    Total ROM Size (Code + RO Data + RW Data)       5344 (   5.22kB)

==============================================================================

